
Usage Report: Project=dp9 Period=2020.q4
=============================================================
    Grant:     9.00 MSU
     Used:     6.08 MSU
 Reserved:    40.04 KSU
    Avail:     2.88 MSU

Stakeholder                   Grant         Used        Avail
-------------------------------------------------------------
BoM                        9.00 MSU     6.12 MSU     2.88 MSU
------------------------------------------------------------- 

User                                        Used     Reserved
-------------------------------------------------------------    
vvk548                                   1.68 MSU    34.56 KSU    
zxs548                                  41.68 KSU     0.00 SU     
ttl548                                  22.81 KSU   289.50 SU     
jtl548                                   1.52 MSU     0.00 SU     
as2291                                  10.47 KSU     0.00 SU     
mxk548                                   1.85 MSU    12.50 SU     
dl9118                                 257.89 KSU     0.00 SU     
fs5892                                   7.52 KSU     0.00 SU     
glr548                                 168.97 KSU     0.00 SU     
iib548                                 146.33 KSU     5.17 KSU    
pjs548                                   1.32 KSU     0.00 SU     
sjr548                                 233.23 KSU     0.00 SU     
gsd548                                  44.39 KSU     0.00 SU     
ixd548                                  13.82 SU      0.00 SU     
wml548                                  19.15 KSU     0.00 SU     
mjw548                                   4.52 KSU     0.00 SU     
jrf548                                  13.95 SU      0.00 SU     
yxm548                                 132.68 SU      0.00 SU     
cnf599                                  52.55 KSU     0.00 SU     
cst565                                   8.32 KSU     0.00 SU     
chs548                                   6.69 KSU     0.00 SU     
ycx548                                  12.27 SU      0.00 SU     
------------------------------------------------------------- 
    
