
Usage Report: Project=dp9 Period=2021.q3
=============================================================
    Grant:    16.00 MSU
     Used:     2.10 MSU
 Reserved:     9.85 KSU
    Avail:    13.89 MSU
    
Stakeholder                   Grant         Used        Avail
-------------------------------------------------------------    
BoM                       16.00 MSU     2.11 MSU    13.89 MSU    
------------------------------------------------------------- 
    
User                                        Used     Reserved
-------------------------------------------------------------        
iib548                                   2.71 KSU     0.00 SU         
as2291                                  27.97 KSU   308.63 SU         
zxs548                                   2.85 KSU     0.00 SU         
ttl548                                  15.07 KSU   222.01 SU         
jtl548                                 156.70 KSU     0.00 SU         
glr548                                  46.62 KSU     0.00 SU         
sjr548                                 899.23 KSU     0.00 SU         
vvk548                                 610.97 KSU    36.00 SU         
dl9118                                 824.25 SU      0.00 SU         
mxk548                                 337.30 KSU     9.29 KSU        
ycx548                                  65.54 SU      0.00 SU         
slc548                                  33.21 SU      0.00 SU         
ixd548                                  10.95 SU      0.33 SU         
hhz548                                 188.19 SU      0.00 SU         
jrf548                                  19.81 SU      0.00 SU         
rad548                                  24.17 SU      0.00 SU         
cnf599                                 287.01 SU      0.00 SU         
jxh903                                   0.02 SU      0.00 SU         
-------------------------------------------------------------        

Storage Usage Report: Project=dp9
=============================================================
Filesystem        Used     iUsed    Allocation    iAllocation    
gdata1a      106.61 TB   32.14 M     270.00 TB        45.00 M        

Stakeholder                         Allocation    iAllocation
-------------------------------------------------------------            
BoM                                  270.00 TB        45.00 M                
-------------------------------------------------------------
            
