
Usage Report: Project=dp9 Period=2020.q2
=============================================================
    Grant:     6.00 MSU
     Used:   198.23 KSU
 Reserved:   781.00 SU 
    Avail:     5.80 MSU

Stakeholder                   Grant         Used        Avail
-------------------------------------------------------------
BoM                        6.00 MSU   199.01 KSU     5.80 MSU
------------------------------------------------------------- 

User                                        Used     Reserved
-------------------------------------------------------------    
gsd548                                  12.19 KSU     0.00 SU     
sjr548                                  52.88 KSU   544.00 SU     
ttl548                                  11.92 KSU   237.00 SU     
zxs548                                  10.31 KSU     0.00 SU     
mxk548                                 104.83 KSU     0.00 SU     
zhl548                                 723.79 SU      0.00 SU     
vvk548                                   1.16 KSU     0.00 SU     
ixd548                                   6.19 SU      0.00 SU     
mjw548                                  44.16 SU      0.00 SU     
jtl548                                   1.15 KSU     0.00 SU     
as2291                                 141.81 SU      0.00 SU     
cjb548                                   0.01 SU      0.00 SU     
iib548                                   2.85 KSU     0.00 SU     
yxm548                                  20.50 SU      0.00 SU     
------------------------------------------------------------- 
    
