
Usage Report: Project=dp9 Period=2020.q4
=============================================================
    Grant:    18.00 MSU
     Used:    14.67 MSU
 Reserved:    39.04 KSU
    Avail:     3.29 MSU

Stakeholder                   Grant         Used        Avail
-------------------------------------------------------------
BoM                       18.00 MSU    14.71 MSU     3.29 MSU
------------------------------------------------------------- 

User                                        Used     Reserved
-------------------------------------------------------------    
vvk548                                   5.88 MSU   288.00 SU     
zxs548                                  57.49 KSU     0.00 SU     
ttl548                                  53.82 KSU    66.50 SU     
jtl548                                   1.81 MSU     0.00 SU     
as2291                                  29.54 KSU    20.34 SU     
mxk548                                   4.14 MSU     4.61 KSU    
dl9118                                 525.79 KSU     8.46 SU     
fs5892                                   7.52 KSU     0.00 SU     
glr548                                 993.31 KSU    33.79 KSU    
iib548                                 249.04 KSU     0.00 SU     
pjs548                                   1.50 KSU     0.00 SU     
sjr548                                 317.25 KSU     0.00 SU     
gsd548                                 125.79 KSU     0.00 SU     
ixd548                                  30.21 SU      0.00 SU     
wml548                                 307.01 KSU     0.00 SU     
mjw548                                   4.52 KSU     0.00 SU     
jrf548                                  13.95 SU      0.00 SU     
yxm548                                 132.68 SU      0.00 SU     
cnf599                                  52.91 KSU     0.00 SU     
cst565                                 100.82 KSU     0.00 SU     
chs548                                  20.39 KSU   260.00 SU     
ycx548                                  32.13 SU      0.00 SU     
mrd599                                   0.02 SU      0.00 SU     
cit548                                  10.09 SU      0.00 SU     
slc548                                   0.03 SU      0.00 SU     
------------------------------------------------------------- 
    
