
Usage Report: Project=dp9 Period=2021.q1
=============================================================
    Grant:    18.00 MSU
     Used:     4.06 MSU
 Reserved:     3.23 KSU
    Avail:    13.94 MSU

Stakeholder                   Grant         Used        Avail
-------------------------------------------------------------
BoM                       18.00 MSU     4.06 MSU    13.94 MSU
------------------------------------------------------------- 

User                                        Used     Reserved
-------------------------------------------------------------    
as2291                                  14.02 KSU    19.15 SU     
ixd548                                  17.01 SU      0.00 SU     
ycx548                                  15.55 KSU     0.00 SU     
ttl548                                  22.75 KSU   113.74 SU     
vvk548                                   1.56 MSU     0.00 SU     
dl9118                                  63.33 KSU   768.00 SU     
iib548                                 124.77 KSU     0.00 SU     
wml548                                  24.11 SU      0.00 SU     
mxk548                                   1.44 MSU     2.33 KSU    
hhz548                                  50.47 KSU     0.00 SU     
jtl548                                  34.10 KSU     0.00 SU     
sjr548                                  20.18 KSU     0.00 SU     
gl7525                                   5.02 SU      0.00 SU     
zhl548                                   6.94 SU      0.00 SU     
fs5892                                   0.57 SU      0.00 SU     
glr548                                 707.07 KSU     0.00 SU     
zxs548                                 161.06 SU      0.00 SU     
cnf599                                  64.94 SU      0.00 SU     
jrf548                                  77.97 SU      0.00 SU     
------------------------------------------------------------- 
    
