
Usage Report: Project=dp9 Period=2021.q1
=============================================================
    Grant:    18.00 MSU
     Used:    35.31 KSU
 Reserved:   233.50 SU 
    Avail:    17.96 MSU

Stakeholder                   Grant         Used        Avail
-------------------------------------------------------------
BoM                       18.00 MSU    35.54 KSU    17.96 MSU
------------------------------------------------------------- 

User                                        Used     Reserved
-------------------------------------------------------------    
as2291                                 322.82 SU      0.00 SU     
ixd548                                   5.57 SU      0.00 SU     
ycx548                                   1.19 SU      0.00 SU     
ttl548                                   3.24 KSU   205.00 SU     
vvk548                                 973.56 SU      0.00 SU     
dl9118                                 613.95 SU      0.00 SU     
iib548                                 776.02 SU      0.00 SU     
wml548                                  24.11 SU      0.00 SU     
mxk548                                  29.35 KSU    28.50 SU     
------------------------------------------------------------- 
    
