
Usage Report: Project=dp9 Period=2021.q1
=============================================================
    Grant:    18.00 MSU
     Used:     2.23 MSU
 Reserved:    22.92 SU 
    Avail:    15.77 MSU

Stakeholder                   Grant         Used        Avail
-------------------------------------------------------------
BoM                       18.00 MSU     2.23 MSU    15.77 MSU
------------------------------------------------------------- 

User                                        Used     Reserved
-------------------------------------------------------------    
as2291                                   6.25 KSU     0.00 SU     
ixd548                                  13.21 SU      0.00 SU     
ycx548                                  15.55 KSU     0.00 SU     
ttl548                                  14.77 KSU    22.92 SU     
vvk548                                   1.56 MSU     0.00 SU     
dl9118                                  17.96 KSU     0.00 SU     
iib548                                  65.83 KSU     0.00 SU     
wml548                                  24.11 SU      0.00 SU     
mxk548                                 535.62 KSU     0.00 SU     
hhz548                                 421.44 SU      0.00 SU     
jtl548                                   1.99 KSU     0.00 SU     
sjr548                                  14.00 KSU     0.00 SU     
gl7525                                   5.02 SU      0.00 SU     
zhl548                                   0.00 SU      0.00 SU     
fs5892                                   0.57 SU      0.00 SU     
glr548                                  61.70 SU      0.00 SU     
zxs548                                 101.40 SU      0.00 SU     
------------------------------------------------------------- 
    
