
Usage Report: Project=dp9 Period=2021.q2
=============================================================
    Grant:    18.00 MSU
     Used:     9.88 MSU
 Reserved:     7.13 KSU
    Avail:     8.12 MSU
    
Stakeholder                   Grant         Used        Avail
-------------------------------------------------------------    
BoM                       18.00 MSU     9.88 MSU     8.12 MSU    
------------------------------------------------------------- 
    
User                                        Used     Reserved
-------------------------------------------------------------        
jtl548                                   1.91 MSU     2.44 KSU        
dl9118                                 141.89 KSU     0.00 SU         
vvk548                                 544.38 KSU     0.00 SU         
mxk548                                   4.04 MSU     4.61 KSU        
glr548                                 638.24 KSU     0.00 SU         
sjr548                                   1.68 MSU     0.00 SU         
ttl548                                  48.60 KSU    13.75 SU         
hhz548                                 210.11 KSU     6.67 SU         
as2291                                  39.61 KSU     3.33 SU         
iib548                                 309.74 KSU     0.00 SU         
ixd548                                   9.88 SU      0.00 SU         
cnf599                                  55.57 KSU     0.00 SU         
yxm548                                 872.43 SU     50.00 SU         
wml548                                 262.79 KSU     0.00 SU         
pjs548                                 487.44 SU      0.00 SU         
nwe548                                   2.47 SU      0.00 SU         
ycx548                                   0.01 SU      0.00 SU         
zxs548                                   1.02 KSU     0.00 SU         
-------------------------------------------------------------        

Storage Usage Report: Project=dp9
=============================================================
Filesystem        Used     iUsed    Allocation    iAllocation    
gdata1a      100.62 TB   30.76 M     270.00 TB        45.00 M        

Stakeholder                         Allocation    iAllocation
-------------------------------------------------------------            
BoM                                  270.00 TB        45.00 M                
-------------------------------------------------------------
            
