
Usage Report: Project=dp9 Period=2020.q3
=============================================================
    Grant:     9.00 MSU
     Used:   528.88 KSU
 Reserved:    13.75 SU 
    Avail:     8.47 MSU

Stakeholder                   Grant         Used        Avail
-------------------------------------------------------------
BoM                        9.00 MSU   486.87 KSU     8.51 MSU
------------------------------------------------------------- 

User                                        Used     Reserved
-------------------------------------------------------------    
ttl548                                  10.74 KSU    13.75 SU     
hhz548                                 309.42 KSU     0.00 SU     
mxk548                                   7.84 KSU     0.00 SU     
iib548                                   1.49 KSU     0.00 SU     
vvk548                                   1.92 KSU     0.00 SU     
yxm548                                   4.30 SU      0.00 SU     
zxs548                                   9.13 KSU     0.00 SU     
as2291                                 180.44 SU      0.00 SU     
gsd548                                  16.95 KSU     0.00 SU     
glr548                                  77.75 KSU     0.00 SU     
sjr548                                  56.20 SU      0.00 SU     
wml548                                  91.98 KSU     0.00 SU     
jtl548                                   1.10 KSU     0.00 SU     
pjs548                                 287.81 SU      0.00 SU     
mjw548                                   9.18 SU      0.00 SU     
ixd548                                   4.38 SU      0.00 SU     
------------------------------------------------------------- 
    
