
Usage Report: Project=dp9 Period=2021.q3
=============================================================
    Grant:    16.00 MSU
     Used:    10.28 MSU
 Reserved:     8.44 KSU
    Avail:     5.72 MSU
    
Stakeholder                   Grant         Used        Avail
-------------------------------------------------------------    
BoM                       16.00 MSU    10.28 MSU     5.72 MSU    
------------------------------------------------------------- 
    
User                                        Used     Reserved
-------------------------------------------------------------        
iib548                                 117.51 KSU     0.00 SU         
as2291                                 377.52 KSU     4.00 SU         
zxs548                                   5.40 KSU     0.00 SU         
ttl548                                  83.44 KSU     7.50 SU         
jtl548                                 372.64 KSU     0.00 SU         
glr548                                 210.05 KSU     0.00 SU         
sjr548                                   3.07 MSU     0.00 SU         
vvk548                                   2.16 MSU     6.91 KSU        
dl9118                                  72.95 KSU   240.00 SU         
mxk548                                   2.74 MSU     0.00 SU         
ycx548                                  11.08 KSU     0.00 SU         
slc548                                  13.85 KSU     0.00 SU         
ixd548                                 181.24 SU      0.00 SU         
hhz548                                 475.96 KSU     0.00 SU         
jrf548                                  19.81 SU      0.00 SU         
rad548                                  24.18 SU      0.00 SU         
cnf599                                  42.84 KSU     0.00 SU         
jxh903                                   0.02 SU      0.00 SU         
yxm548                                  56.83 SU      0.00 SU         
cst565                                 191.71 SU      0.00 SU         
pjs548                                 895.50 SU      0.00 SU         
crd548                                 110.57 SU      0.00 SU         
wml548                                 136.10 SU      0.00 SU         
mjz548                                 347.08 KSU     1.28 KSU        
mrd599                                  17.78 SU      0.00 SU         
zhl548                                 339.64 SU      0.00 SU         
dr8819                                 170.34 KSU     0.00 SU         
pcl900                                 439.55 SU      0.00 SU         
-------------------------------------------------------------        

Storage Usage Report: Project=dp9
=============================================================
Filesystem        Used     iUsed    Allocation    iAllocation    
gdata1a      125.54 TB   33.45 M     270.00 TB        45.00 M        

Stakeholder                         Allocation    iAllocation
-------------------------------------------------------------            
BoM                                  270.00 TB        45.00 M                
-------------------------------------------------------------
            
