
Usage Report: Project=dp9 Period=2021.q2
=============================================================
    Grant:    18.00 MSU
     Used:     5.10 MSU
 Reserved:     4.88 KSU
    Avail:    12.90 MSU

Stakeholder                   Grant         Used        Avail
-------------------------------------------------------------
BoM                       18.00 MSU     5.10 MSU    12.90 MSU
------------------------------------------------------------- 

User                                        Used     Reserved
-------------------------------------------------------------    
jtl548                                   1.33 MSU     0.00 SU     
dl9118                                  14.94 KSU     4.61 KSU    
vvk548                                 534.75 KSU     0.00 SU     
mxk548                                   1.07 MSU     0.00 SU     
glr548                                 376.08 KSU     0.00 SU     
sjr548                                   1.48 MSU     0.00 SU     
ttl548                                  13.48 KSU   215.01 SU     
hhz548                                 209.78 KSU     0.00 SU     
as2291                                   9.13 KSU     9.83 SU     
iib548                                  35.38 KSU     0.00 SU     
ixd548                                   5.17 SU      0.00 SU     
cnf599                                   2.28 KSU     0.00 SU     
yxm548                                  96.09 SU     50.00 SU     
wml548                                  25.41 KSU     0.00 SU     
------------------------------------------------------------- 
    
