
Usage Report: Project=dp9 Period=2020.q3
=============================================================
    Grant:     9.00 MSU
     Used:     7.30 MSU
 Reserved:    90.53 KSU
    Avail:     1.61 MSU

Stakeholder                   Grant         Used        Avail
-------------------------------------------------------------
BoM                        9.00 MSU     7.39 MSU     1.61 MSU
------------------------------------------------------------- 

User                                        Used     Reserved
-------------------------------------------------------------    
ttl548                                 105.30 KSU     0.00 SU     
hhz548                                 564.00 KSU     0.00 SU     
mxk548                                   2.87 MSU     8.33 SU     
iib548                                  42.45 KSU     0.00 SU     
vvk548                                 550.93 KSU    69.12 KSU    
yxm548                                  48.98 SU      0.00 SU     
zxs548                                 178.96 KSU     0.00 SU     
as2291                                  17.26 KSU     4.33 SU     
gsd548                                 207.37 KSU     0.00 SU     
glr548                                 307.53 KSU     0.00 SU     
sjr548                                 534.29 KSU     0.00 SU     
wml548                                 732.36 KSU     0.00 SU     
jtl548                                   1.11 MSU    21.40 KSU    
pjs548                                   2.54 KSU     0.00 SU     
mjw548                                  35.85 KSU     0.00 SU     
ixd548                                  34.62 SU      0.00 SU     
bxr548                                   0.93 SU      0.00 SU     
fs5892                                  89.68 SU      0.00 SU     
jrf548                                  96.25 SU      0.00 SU     
xds548                                 852.46 SU      0.00 SU     
dl9118                                  17.21 KSU     0.00 SU     
cnf599                                  19.78 KSU     0.00 SU     
------------------------------------------------------------- 
    
