
Usage Report: Project=dp9 Period=2020.q3
=============================================================
    Grant:     9.00 MSU
     Used:     2.72 MSU
 Reserved:    15.83 SU 
    Avail:     6.28 MSU

Stakeholder                   Grant         Used        Avail
-------------------------------------------------------------
BoM                        9.00 MSU     2.68 MSU     6.32 MSU
------------------------------------------------------------- 

User                                        Used     Reserved
-------------------------------------------------------------    
ttl548                                  57.41 KSU    13.75 SU     
hhz548                                 564.00 KSU     0.00 SU     
mxk548                                 972.66 KSU     2.08 SU     
iib548                                  22.41 KSU     0.00 SU     
vvk548                                 169.51 KSU     0.00 SU     
yxm548                                  48.98 SU      0.00 SU     
zxs548                                  19.07 KSU     0.00 SU     
as2291                                   3.65 KSU     0.00 SU     
gsd548                                 127.71 KSU     0.00 SU     
glr548                                 108.14 KSU     0.00 SU     
sjr548                                 185.80 KSU     0.00 SU     
wml548                                 418.12 KSU     0.00 SU     
jtl548                                  71.89 KSU     0.00 SU     
pjs548                                   1.41 KSU     0.00 SU     
mjw548                                   9.18 SU      0.00 SU     
ixd548                                  19.72 SU      0.00 SU     
bxr548                                   0.93 SU      0.00 SU     
fs5892                                  62.73 SU      0.00 SU     
jrf548                                  96.25 SU      0.00 SU     
xds548                                  16.16 SU      0.00 SU     
------------------------------------------------------------- 
    
