
Usage Report: Project=dp9 Period=2021.q2
=============================================================
    Grant:    18.00 MSU
     Used:     6.06 MSU
 Reserved:     4.82 KSU
    Avail:    11.93 MSU

Stakeholder                   Grant         Used        Avail
-------------------------------------------------------------
BoM                       18.00 MSU     6.07 MSU    11.93 MSU
------------------------------------------------------------- 

User                                        Used     Reserved
-------------------------------------------------------------    
jtl548                                   1.33 MSU     0.00 SU     
dl9118                                  38.27 KSU     0.00 SU     
vvk548                                 535.93 KSU     0.00 SU     
mxk548                                   1.68 MSU     4.61 KSU    
glr548                                 417.73 KSU     0.00 SU     
sjr548                                   1.65 MSU     0.00 SU     
ttl548                                  21.02 KSU   209.76 SU     
hhz548                                 209.78 KSU     0.00 SU     
as2291                                  11.24 KSU     0.00 SU     
iib548                                 104.01 KSU     0.00 SU     
ixd548                                   5.17 SU      0.00 SU     
cnf599                                   3.74 KSU     0.00 SU     
yxm548                                 691.64 SU      0.00 SU     
wml548                                  67.23 KSU     0.00 SU     
------------------------------------------------------------- 
    
