
Usage Report: Project=dp9 Period=2021.q2
=============================================================
    Grant:    18.00 MSU
     Used:     4.79 MSU
 Reserved:     1.73 KSU
    Avail:    13.21 MSU

Stakeholder                   Grant         Used        Avail
-------------------------------------------------------------
BoM                       18.00 MSU     4.79 MSU    13.21 MSU
------------------------------------------------------------- 

User                                        Used     Reserved
-------------------------------------------------------------    
jtl548                                   1.32 MSU   342.67 SU     
dl9118                                  13.41 KSU     0.00 SU     
vvk548                                 534.70 KSU     0.00 SU     
mxk548                                 878.53 KSU     0.00 SU     
glr548                                 362.08 KSU     0.00 SU     
sjr548                                   1.42 MSU     1.16 KSU    
ttl548                                  11.24 KSU   209.76 SU     
hhz548                                 209.78 KSU     0.00 SU     
as2291                                   6.68 KSU    21.07 SU     
iib548                                  34.21 KSU     0.00 SU     
ixd548                                   2.83 SU      0.00 SU     
cnf599                                 204.08 SU      0.00 SU     
------------------------------------------------------------- 
    
