
Usage Report: Project=dp9 Period=2021.q1
=============================================================
    Grant:    18.00 MSU
     Used:   468.63 KSU
 Reserved:    73.75 KSU
    Avail:    17.46 MSU

Stakeholder                   Grant         Used        Avail
-------------------------------------------------------------
BoM                       18.00 MSU   542.38 KSU    17.46 MSU
------------------------------------------------------------- 

User                                        Used     Reserved
-------------------------------------------------------------    
as2291                                 322.82 SU      0.00 SU     
ixd548                                   7.56 SU      0.00 SU     
ycx548                                   5.68 KSU     0.00 SU     
ttl548                                   6.70 KSU     8.75 SU     
vvk548                                 255.38 KSU    69.12 KSU    
dl9118                                   7.71 KSU     0.00 SU     
iib548                                   2.74 KSU     0.00 SU     
wml548                                  24.11 SU      0.00 SU     
mxk548                                 190.05 KSU     4.62 KSU    
hhz548                                  10.46 SU      0.00 SU     
------------------------------------------------------------- 
    
