
Usage Report: Project=dp9 Period=2021.q3
=============================================================
    Grant:    16.00 MSU
     Used:     7.54 MSU
 Reserved:     2.53 KSU
    Avail:     8.46 MSU
    
Stakeholder                   Grant         Used        Avail
-------------------------------------------------------------    
BoM                       16.00 MSU     7.54 MSU     8.46 MSU    
------------------------------------------------------------- 
    
User                                        Used     Reserved
-------------------------------------------------------------        
iib548                                  34.10 KSU     0.00 SU         
as2291                                 183.27 KSU     0.00 SU         
zxs548                                   4.01 KSU     0.00 SU         
ttl548                                  61.61 KSU   224.51 SU         
jtl548                                 285.27 KSU     0.00 SU         
glr548                                 133.29 KSU     0.00 SU         
sjr548                                   3.03 MSU     0.00 SU         
vvk548                                 674.78 KSU     0.00 SU         
dl9118                                   5.73 KSU     0.00 SU         
mxk548                                   2.73 MSU     0.00 SU         
ycx548                                  11.08 KSU     0.00 SU         
slc548                                  55.20 SU      0.00 SU         
ixd548                                 172.96 SU      0.00 SU         
hhz548                                 341.32 KSU     2.30 KSU        
jrf548                                  19.81 SU      0.00 SU         
rad548                                  24.18 SU      0.00 SU         
cnf599                                  25.00 KSU     0.00 SU         
jxh903                                   0.02 SU      0.00 SU         
yxm548                                  56.83 SU      0.00 SU         
cst565                                 191.71 SU      0.00 SU         
pjs548                                 336.09 SU      0.00 SU         
crd548                                 110.57 SU      0.00 SU         
wml548                                 136.10 SU      0.00 SU         
mjz548                                  11.16 KSU     0.00 SU         
mrd599                                  17.78 SU      0.00 SU         
zhl548                                   1.31 SU      0.00 SU         
-------------------------------------------------------------        

Storage Usage Report: Project=dp9
=============================================================
Filesystem        Used     iUsed    Allocation    iAllocation    
gdata1a      110.91 TB   33.88 M     270.00 TB        45.00 M        

Stakeholder                         Allocation    iAllocation
-------------------------------------------------------------            
BoM                                  270.00 TB        45.00 M                
-------------------------------------------------------------
            
