
Usage Report: Project=dp9 Period=2020.q4
=============================================================
    Grant:     9.00 MSU
     Used:     6.50 MSU
 Reserved:    46.59 KSU
    Avail:     2.45 MSU

Stakeholder                   Grant         Used        Avail
-------------------------------------------------------------
BoM                        9.00 MSU     6.55 MSU     2.45 MSU
------------------------------------------------------------- 

User                                        Used     Reserved
-------------------------------------------------------------    
vvk548                                   1.92 MSU    34.56 KSU    
zxs548                                  42.33 KSU    24.00 SU     
ttl548                                  24.44 KSU     8.75 SU     
jtl548                                   1.52 MSU     0.00 SU     
as2291                                  11.44 KSU     1.83 SU     
mxk548                                   1.97 MSU     0.00 SU     
dl9118                                 260.42 KSU     0.00 SU     
fs5892                                   7.52 KSU     0.00 SU     
glr548                                 216.73 KSU    12.00 KSU    
iib548                                 156.37 KSU     0.00 SU     
pjs548                                   1.32 KSU     0.00 SU     
sjr548                                 233.23 KSU     0.00 SU     
gsd548                                  44.39 KSU     0.00 SU     
ixd548                                  13.82 SU      0.00 SU     
wml548                                  19.17 KSU     0.00 SU     
mjw548                                   4.52 KSU     0.00 SU     
jrf548                                  13.95 SU      0.00 SU     
yxm548                                 132.68 SU      0.00 SU     
cnf599                                  52.82 KSU     0.00 SU     
cst565                                  19.46 KSU     0.00 SU     
chs548                                   7.56 KSU     0.00 SU     
ycx548                                  12.27 SU      0.00 SU     
------------------------------------------------------------- 
    
