
Usage Report: Project=dp9 Period=2020.q2
=============================================================
    Grant:     6.00 MSU
     Used:     1.98 MSU
 Reserved:    21.25 SU 
    Avail:     4.02 MSU

Stakeholder                   Grant         Used        Avail
-------------------------------------------------------------
BoM                        6.00 MSU     1.98 MSU     4.02 MSU
------------------------------------------------------------- 

User                                        Used     Reserved
-------------------------------------------------------------    
gsd548                                  55.24 KSU     0.00 SU     
sjr548                                 849.62 KSU     0.00 SU     
ttl548                                  65.01 KSU    21.25 SU     
zxs548                                 137.57 KSU     0.00 SU     
mxk548                                 276.22 KSU     0.00 SU     
zhl548                                  10.95 KSU     0.00 SU     
vvk548                                  10.04 KSU     0.00 SU     
ixd548                                  17.62 SU      0.00 SU     
mjw548                                 352.00 SU      0.00 SU     
jtl548                                   2.84 KSU     0.00 SU     
as2291                                   6.32 KSU     0.00 SU     
cjb548                                   0.01 SU      0.00 SU     
iib548                                 415.24 KSU     0.00 SU     
yxm548                                  69.64 SU      0.00 SU     
cnf599                                  12.47 KSU     0.00 SU     
glr548                                 135.27 KSU     0.00 SU     
hhz548                                  24.39 SU      0.00 SU     
chs548                                   1.06 SU      0.00 SU     
nwe548                                 118.84 SU      0.00 SU     
cit548                                   1.32 KSU     0.00 SU     
mrd599                                   0.21 SU      0.00 SU     
fs5892                                  25.32 SU      0.00 SU     
------------------------------------------------------------- 
    
