------------------------------------------------------------------------------
         project             user     space used      file size          count
------------------------------------------------------------------------------
          access           mjw548            0kB            5kB              1
          access           ycx548          3.8GB          3.8GB           5016
          access           axs599            0kB          750kB             95
          access           hhz548          4.0kB          3.6kB              1
          access           jtl548         12.4GB         12.4GB           7242
          access           iib548          4.0kB          3.4kB              1
          access           zhl548         44.0kB         33.8kB              3
          access           ixd548        930.0MB        930.0MB              4
          access           sjr548          4.1GB          4.1GB           1176
          access           xds548        280.0kB        230.2kB             26
          access           slc548            0kB            3kB              1
          access           nwe548            0kB           28kB              3
          access           mxk548          2.3TB          2.3TB          13383
          access           fs5892         43.0GB         43.0GB          19438
          access           as2291          3.5GB          3.4GB         104352
          access           dl9118        439.1MB        439.1MB             26
      access.dev           ycx548          9.6MB          9.3MB            168
      access.dev           axs599         12.0kB          850kB             23
      access.dev           mjn548          1.4MB          1.2MB            161
      access.dev           wml548         60.0kB         16.5kB             15
             dp9           mjw548        356.0GB        356.0GB            113
             dp9           mrd599          1.0GB          1.0GB             19
             dp9           cjb548         67.2GB         67.2GB          29980
             dp9           ycx548          8.3TB          8.6TB        2422563
             dp9           yxm548          1.7TB          1.7TB         147106
             dp9           glr548          8.4TB          8.4TB        1887150
             dp9           cnf599          5.1TB          5.7TB         196442
             dp9           ljr548        331.3GB        331.0GB         107833
             dp9           hhz548         15.3TB         18.3TB        1447591
             dp9           zxs548        417.3GB        413.7GB        1075030
             dp9           mjn548       1007.4GB        990.9GB        3373653
             dp9           jtl548          1.8TB          1.8TB        2013888
             dp9           iib548          1.5TB          1.5TB        2734480
             dp9           hqz548        151.1GB        151.1GB            287
             dp9           rmb548          4.0kB          4.0kB              1
             dp9           zhl548        342.5GB        342.1GB         160459
             dp9           ixd548          1.6TB          1.6TB         459979
             dp9           wml548          2.6TB          2.6TB         368973
             dp9           bxr548        367.2MB        367.1MB             75
             dp9           ttl548         96.5GB         94.7GB         343619
             dp9           pjs548         41.9GB         41.7GB          98863
             dp9           gsd548          3.1TB          3.1TB         351552
             dp9           sjr548          2.5TB          2.5TB        2587582
             dp9           vvk548          4.2TB          4.2TB        1111072
             dp9           xds548          2.1TB          2.1TB         207618
             dp9           cit548          2.6TB          2.6TB         217326
             dp9           slc548        202.1GB        202.0GB         133923
             dp9           jrf548        700.8GB        700.3GB         207494
             dp9           sss548         65.2GB         66.7GB           5780
             dp9           axs548          7.7GB          7.7GB           2993
             dp9           ffb548         64.0kB         64.0kB             16
             dp9           dhs548          8.0kB          8.0kB              2
             dp9           kkp548        465.3GB        465.3GB            513
             dp9           ijb548          4.0kB          4.0kB              1
             dp9           nwe548         13.6GB         13.7GB          45212
             dp9           chs548        209.1GB        228.1GB          62720
             dp9           mxk548          3.3TB          3.4TB         798961
             dp9           fs5892          7.6GB          7.1GB         124534
             dp9           as2291          2.0TB          2.0TB        1100643
             dp9           jb6931        332.1MB        332.1MB              2
             dp9           bf7468          1.8MB          1.8MB              2
             dp9           dr8819        213.9GB        212.9GB         189479
             dp9           nt4021          4.0kB          4.0kB              1
             du7           ycx548         16.0kB          9.8kB              4
             du7           xds548        424.0kB        170.2kB             70
             du7           chs548         25.4TB         25.6TB         502266
             du7           cst565        152.3MB        152.0MB            197
             dx2           pag548        291.7MB        291.7MB              1
             en0           mjw548          4.0kB          4.0kB              1
             en0           bxr548        204.0kB         89.2kB             25
             er7           gxk548         45.8MB         45.7MB             16
            ma05           chs548          1.9MB          1.7MB            126
             y03           sjr548         21.7MB         21.4MB            185
             ig2           dl9118         28.7GB         28.7GB           1798
             ja4           ttl548        363.3GB        363.2GB          30106
             lb4           ttl548         26.0GB         26.0GB            837
------------------------------------------------------------------------------
