
Usage Report: Project=dp9 Period=2021.q3
=============================================================
    Grant:    16.00 MSU
     Used:     2.03 MSU
 Reserved:   620.85 SU 
    Avail:    13.97 MSU
    
Stakeholder                   Grant         Used        Avail
-------------------------------------------------------------    
BoM                       16.00 MSU     2.03 MSU    13.97 MSU    
------------------------------------------------------------- 
    
User                                        Used     Reserved
-------------------------------------------------------------        
iib548                                   2.04 KSU     0.00 SU         
as2291                                  22.22 KSU   270.33 SU         
zxs548                                   2.78 KSU     0.00 SU         
ttl548                                  14.10 KSU   224.51 SU         
jtl548                                 156.70 KSU     0.00 SU         
glr548                                  25.78 KSU     0.00 SU         
sjr548                                 898.01 KSU     0.00 SU         
vvk548                                 610.94 KSU   126.00 SU         
dl9118                                 740.54 SU      0.00 SU         
mxk548                                 292.65 KSU     0.00 SU         
ycx548                                  65.54 SU      0.00 SU         
slc548                                  33.21 SU      0.00 SU         
ixd548                                   6.47 SU      0.00 SU         
hhz548                                 185.01 SU      0.00 SU         
jrf548                                  19.81 SU      0.00 SU         
rad548                                  24.17 SU      0.00 SU         
cnf599                                 287.01 SU      0.00 SU         
-------------------------------------------------------------        

Storage Usage Report: Project=dp9
=============================================================
Filesystem        Used     iUsed    Allocation    iAllocation    
gdata1a      106.54 TB   32.12 M     270.00 TB        45.00 M        

Stakeholder                         Allocation    iAllocation
-------------------------------------------------------------            
BoM                                  270.00 TB        45.00 M                
-------------------------------------------------------------
            
