
Usage Report: Project=dp9 Period=2020.q3
=============================================================
    Grant:     9.00 MSU
     Used:    97.07 KSU
 Reserved:     2.39 KSU
    Avail:     8.90 MSU

Stakeholder                   Grant         Used        Avail
-------------------------------------------------------------
BoM                        9.00 MSU    57.44 KSU     8.94 MSU
------------------------------------------------------------- 

User                                        Used     Reserved
-------------------------------------------------------------    
ttl548                                   3.29 KSU    85.33 SU     
hhz548                                  78.19 KSU     2.30 KSU    
mxk548                                   7.79 KSU     0.00 SU     
iib548                                 529.52 SU      0.00 SU     
vvk548                                  17.30 SU      0.00 SU     
yxm548                                   0.37 SU      0.00 SU     
zxs548                                   7.23 KSU     0.00 SU     
as2291                                  10.61 SU      1.00 SU     
------------------------------------------------------------- 
    
