
Usage Report: Project=dp9 Period=2020.q4
=============================================================
    Grant:     9.00 MSU
     Used:     6.94 MSU
 Reserved:    35.57 KSU
    Avail:     2.03 MSU

Stakeholder                   Grant         Used        Avail
-------------------------------------------------------------
BoM                        9.00 MSU     6.97 MSU     2.03 MSU
------------------------------------------------------------- 

User                                        Used     Reserved
-------------------------------------------------------------    
vvk548                                   2.18 MSU    34.56 KSU    
zxs548                                  42.81 KSU     0.00 SU     
ttl548                                  25.82 KSU     8.75 SU     
jtl548                                   1.52 MSU     0.00 SU     
as2291                                  12.49 KSU     0.00 SU     
mxk548                                   2.10 MSU  1000.00 SU     
dl9118                                 260.43 KSU     0.00 SU     
fs5892                                   7.52 KSU     0.00 SU     
glr548                                 234.58 KSU     0.00 SU     
iib548                                 156.37 KSU     0.00 SU     
pjs548                                   1.32 KSU     0.00 SU     
sjr548                                 233.23 KSU     0.00 SU     
gsd548                                  49.47 KSU     0.00 SU     
ixd548                                  15.32 SU      0.00 SU     
wml548                                  19.17 KSU     0.00 SU     
mjw548                                   4.52 KSU     0.00 SU     
jrf548                                  13.95 SU      0.00 SU     
yxm548                                 132.68 SU      0.00 SU     
cnf599                                  52.82 KSU     0.00 SU     
cst565                                  25.36 KSU     0.00 SU     
chs548                                   7.56 KSU     0.00 SU     
ycx548                                  12.27 SU      0.00 SU     
------------------------------------------------------------- 
    
