
Usage Report: Project=dp9 Period=2020.q2
=============================================================
    Grant:     6.00 MSU
     Used:     2.17 MSU
 Reserved:   109.75 SU 
    Avail:     3.83 MSU

Stakeholder                   Grant         Used        Avail
-------------------------------------------------------------
BoM                        6.00 MSU     2.17 MSU     3.83 MSU
------------------------------------------------------------- 

User                                        Used     Reserved
-------------------------------------------------------------    
gsd548                                  71.11 KSU     0.00 SU     
sjr548                                 850.70 KSU     0.00 SU     
ttl548                                  67.86 KSU    13.75 SU     
zxs548                                 155.36 KSU     0.00 SU     
mxk548                                 276.27 KSU     0.00 SU     
zhl548                                  10.95 KSU     0.00 SU     
vvk548                                  10.80 KSU    96.00 SU     
ixd548                                 257.39 SU      0.00 SU     
mjw548                                 407.31 SU      0.00 SU     
jtl548                                   3.57 KSU     0.00 SU     
as2291                                   6.35 KSU     0.00 SU     
cjb548                                   0.01 SU      0.00 SU     
iib548                                 549.80 KSU     0.00 SU     
yxm548                                  69.64 SU      0.00 SU     
cnf599                                  12.47 KSU     0.00 SU     
glr548                                 155.17 KSU     0.00 SU     
hhz548                                  24.39 SU      0.00 SU     
chs548                                   1.06 SU      0.00 SU     
nwe548                                 118.84 SU      0.00 SU     
cit548                                   1.32 KSU     0.00 SU     
mrd599                                   0.21 SU      0.00 SU     
fs5892                                  78.82 SU      0.00 SU     
------------------------------------------------------------- 
    
