
Usage Report: Project=dp9 Period=2021.q1
=============================================================
    Grant:    18.00 MSU
     Used:   346.30 KSU
 Reserved:     1.16 KSU
    Avail:    17.65 MSU

Stakeholder                   Grant         Used        Avail
-------------------------------------------------------------
BoM                       18.00 MSU   347.46 KSU    17.65 MSU
------------------------------------------------------------- 

User                                        Used     Reserved
-------------------------------------------------------------    
as2291                                 322.82 SU      0.00 SU     
ixd548                                   6.38 SU      0.00 SU     
ycx548                                   2.64 KSU     0.00 SU     
ttl548                                   6.18 KSU     8.75 SU     
vvk548                                 150.01 KSU     0.00 SU     
dl9118                                   3.02 KSU     1.15 KSU    
iib548                                   1.76 KSU     0.00 SU     
wml548                                  24.11 SU      0.00 SU     
mxk548                                 182.33 KSU     0.00 SU     
------------------------------------------------------------- 
    
