
Usage Report: Project=dp9 Period=2021.q4
=============================================================
    Grant:    16.00 MSU
     Used:     3.62 MSU
 Reserved:    15.75 KSU
    Avail:    12.36 MSU
    
Stakeholder                   Grant         Used        Avail
-------------------------------------------------------------    
BoM                       16.00 MSU     3.64 MSU    12.36 MSU    
------------------------------------------------------------- 
    
User                                        Used     Reserved
-------------------------------------------------------------        
dl9118                                  22.86 KSU    68.01 SU         
vvk548                                 294.06 KSU     0.00 SU         
ttl548                                  20.54 KSU    91.17 SU         
as2291                                  89.01 KSU   102.50 SU         
mjz548                                   2.24 MSU     7.96 KSU        
iib548                                  10.10 KSU     0.00 SU         
glr548                                  10.72 KSU     0.00 SU         
slc548                                  37.12 KSU     1.08 KSU        
pjs548                                 735.99 SU      0.00 SU         
pcl900                                   1.12 KSU    74.34 SU         
sjr548                                 402.35 KSU     1.47 KSU        
jtl548                                  75.91 KSU     0.00 SU         
zxs548                                 447.46 SU    225.00 SU         
cnf599                                  34.12 KSU     0.00 SU         
yxm548                                   1.03 KSU     3.00 SU         
chs548                                   2.89 KSU     0.00 SU         
ycx548                                 244.65 SU      0.00 SU         
wml548                                 351.21 KSU     0.00 SU         
hhz548                                  21.26 SU      0.00 SU         
cst565                                   0.12 SU      0.00 SU         
mxk548                                  21.66 KSU     4.67 KSU        
-------------------------------------------------------------        

Storage Usage Report: Project=dp9
=============================================================
Filesystem        Used     iUsed    Allocation    iAllocation    
gdata1a      171.92 TB   34.54 M     270.00 TB        45.00 M        

Stakeholder                         Allocation    iAllocation
-------------------------------------------------------------            
BoM                                  270.00 TB        45.00 M                
-------------------------------------------------------------
            
