
Usage Report: Project=dp9 Period=2020.q2
=============================================================
    Grant:     6.00 MSU
     Used:     3.78 MSU
 Reserved:     1.63 KSU
    Avail:     2.21 MSU

Stakeholder                   Grant         Used        Avail
-------------------------------------------------------------
BoM                        6.00 MSU     3.79 MSU     2.21 MSU
------------------------------------------------------------- 

User                                        Used     Reserved
-------------------------------------------------------------    
gsd548                                 109.49 KSU     0.00 SU     
sjr548                                 850.92 KSU     0.00 SU     
ttl548                                  84.41 KSU    55.00 SU     
zxs548                                 200.92 KSU     4.00 SU     
mxk548                                 997.25 KSU     1.54 KSU    
zhl548                                  12.36 KSU     0.00 SU     
vvk548                                  18.42 KSU     0.00 SU     
ixd548                                 792.04 SU      0.00 SU     
mjw548                                   5.11 KSU     0.00 SU     
jtl548                                   4.88 KSU     0.00 SU     
as2291                                   7.34 KSU     0.00 SU     
cjb548                                   0.01 SU      0.00 SU     
iib548                                   1.07 MSU     0.00 SU     
yxm548                                  95.24 SU      0.00 SU     
cnf599                                  12.47 KSU     0.00 SU     
glr548                                 191.42 KSU     0.00 SU     
hhz548                                   2.20 KSU     0.00 SU     
chs548                                   1.06 SU      0.00 SU     
nwe548                                 118.84 SU      0.00 SU     
cit548                                   1.32 KSU     0.00 SU     
mrd599                                   0.21 SU      0.00 SU     
fs5892                                 157.12 SU      0.00 SU     
wml548                                 212.22 KSU    24.75 SU     
pjs548                                   0.02 SU      0.00 SU     
xds548                                   1.10 KSU     0.00 SU     
mjn548                                   0.78 SU      0.00 SU     
------------------------------------------------------------- 
    
