
Usage Report: Project=dp9 Period=2021.q4
=============================================================
    Grant:    16.00 MSU
     Used:     4.73 MSU
 Reserved:     9.73 KSU
    Avail:    11.26 MSU
    
Stakeholder                   Grant         Used        Avail
-------------------------------------------------------------    
BoM                       16.00 MSU     4.73 MSU    11.27 MSU    
------------------------------------------------------------- 
    
User                                        Used     Reserved
-------------------------------------------------------------        
dl9118                                  23.56 KSU     0.00 SU         
vvk548                                 456.41 KSU     0.00 SU         
ttl548                                  24.21 KSU    20.00 SU         
as2291                                  96.19 KSU    34.00 SU         
mjz548                                   2.51 MSU     6.32 KSU        
iib548                                  18.62 KSU     0.00 SU         
glr548                                  10.73 KSU     0.00 SU         
slc548                                 508.71 KSU     3.35 KSU        
pjs548                                 845.02 SU      0.00 SU         
pcl900                                   1.82 KSU     0.00 SU         
sjr548                                 544.94 KSU     0.00 SU         
jtl548                                 103.39 KSU     0.00 SU         
zxs548                                 447.46 SU      0.00 SU         
cnf599                                  37.40 KSU     0.00 SU         
yxm548                                   1.33 KSU     0.00 SU         
chs548                                   2.89 KSU     0.00 SU         
ycx548                                 244.65 SU      0.00 SU         
wml548                                 351.21 KSU     0.00 SU         
hhz548                                 276.14 SU      0.00 SU         
cst565                                   0.12 SU      0.00 SU         
mxk548                                  34.38 KSU     0.00 SU         
rad548                                  14.16 SU      0.00 SU         
ixd548                                   9.77 SU      0.00 SU         
-------------------------------------------------------------        

Storage Usage Report: Project=dp9
=============================================================
Filesystem        Used     iUsed    Allocation    iAllocation    
gdata1a      175.97 TB   34.69 M     270.00 TB        45.00 M        

Stakeholder                         Allocation    iAllocation
-------------------------------------------------------------            
BoM                                  270.00 TB        45.00 M                
-------------------------------------------------------------
            
