
Usage Report: Project=dp9 Period=2020.q2
=============================================================
    Grant:     6.00 MSU
     Used:     3.29 MSU
 Reserved:   511.00 SU 
    Avail:     2.71 MSU

Stakeholder                   Grant         Used        Avail
-------------------------------------------------------------
BoM                        6.00 MSU     3.29 MSU     2.71 MSU
------------------------------------------------------------- 

User                                        Used     Reserved
-------------------------------------------------------------    
gsd548                                  89.26 KSU     0.00 SU     
sjr548                                 850.75 KSU     0.00 SU     
ttl548                                  75.42 KSU    55.00 SU     
zxs548                                 164.04 KSU   288.00 SU     
mxk548                                 692.58 KSU     0.00 SU     
zhl548                                  10.95 KSU     0.00 SU     
vvk548                                  18.42 KSU     0.00 SU     
ixd548                                 788.67 SU      0.00 SU     
mjw548                                   4.67 KSU     0.00 SU     
jtl548                                   4.11 KSU     0.00 SU     
as2291                                   6.97 KSU     0.00 SU     
cjb548                                   0.01 SU      0.00 SU     
iib548                                   1.06 MSU     0.00 SU     
yxm548                                  75.72 SU    168.00 SU     
cnf599                                  12.47 KSU     0.00 SU     
glr548                                 189.67 KSU     0.00 SU     
hhz548                                  46.36 SU      0.00 SU     
chs548                                   1.06 SU      0.00 SU     
nwe548                                 118.84 SU      0.00 SU     
cit548                                   1.32 KSU     0.00 SU     
mrd599                                   0.21 SU      0.00 SU     
fs5892                                 157.12 SU      0.00 SU     
wml548                                 100.19 KSU     0.00 SU     
pjs548                                   0.02 SU      0.00 SU     
------------------------------------------------------------- 
    
