
Usage Report: Project=dp9 Period=2021.q3
=============================================================
    Grant:     9.00 MSU
     Used:     1.55 MSU
 Reserved:    43.02 KSU
    Avail:     7.40 MSU
    
Stakeholder                   Grant         Used        Avail
-------------------------------------------------------------    
BoM                        9.00 MSU     1.60 MSU     7.40 MSU    
------------------------------------------------------------- 
    
User                                        Used     Reserved
-------------------------------------------------------------        
iib548                                 216.50 SU      0.00 SU         
as2291                                  11.94 KSU   260.73 SU         
zxs548                                 936.90 SU     48.00 SU         
ttl548                                   7.59 KSU   216.35 SU         
jtl548                                 145.88 KSU    91.40 SU         
glr548                                  22.31 KSU     0.00 SU         
sjr548                                 516.98 KSU     7.84 KSU        
vvk548                                 589.65 KSU    34.56 KSU        
dl9118                                 397.64 SU      0.00 SU         
mxk548                                 256.36 KSU     0.00 SU         
ycx548                                  39.63 SU      0.00 SU         
slc548                                  28.29 SU      0.00 SU         
ixd548                                   2.64 SU      0.00 SU         
hhz548                                 185.01 SU      0.00 SU         
-------------------------------------------------------------        

Storage Usage Report: Project=dp9
=============================================================
Filesystem        Used     iUsed    Allocation    iAllocation    
gdata1a      105.79 TB   31.81 M     270.00 TB        45.00 M        

Stakeholder                         Allocation    iAllocation
-------------------------------------------------------------            
BoM                                  270.00 TB        45.00 M                
-------------------------------------------------------------
            
