
Usage Report: Project=dp9 Period=2020.q3
=============================================================
    Grant:     9.00 MSU
     Used:   356.71 KSU
 Reserved:     4.72 KSU
    Avail:     8.64 MSU

Stakeholder                   Grant         Used        Avail
-------------------------------------------------------------
BoM                        9.00 MSU   319.41 KSU     8.68 MSU
------------------------------------------------------------- 

User                                        Used     Reserved
-------------------------------------------------------------    
ttl548                                   7.68 KSU    13.75 SU     
hhz548                                 284.40 KSU     4.61 KSU    
mxk548                                   7.80 KSU     0.00 SU     
iib548                                 982.56 SU      0.00 SU     
vvk548                                 741.50 SU     96.00 SU     
yxm548                                   0.92 SU      0.00 SU     
zxs548                                   7.41 KSU     0.00 SU     
as2291                                 160.83 SU      0.00 SU     
gsd548                                  15.84 KSU     0.00 SU     
glr548                                   8.68 KSU     0.00 SU     
sjr548                                   2.42 SU      0.00 SU     
wml548                                  22.88 KSU     0.00 SU     
jtl548                                  48.40 SU      0.00 SU     
pjs548                                  74.95 SU      0.00 SU     
mjw548                                   0.97 SU      0.00 SU     
------------------------------------------------------------- 
    
