
Usage Report: Project=dp9 Period=2020.q4
=============================================================
    Grant:     9.00 MSU
     Used:     6.29 MSU
 Reserved:    43.53 KSU
    Avail:     2.67 MSU

Stakeholder                   Grant         Used        Avail
-------------------------------------------------------------
BoM                        9.00 MSU     6.33 MSU     2.67 MSU
------------------------------------------------------------- 

User                                        Used     Reserved
-------------------------------------------------------------    
vvk548                                   1.78 MSU    34.56 KSU    
zxs548                                  42.25 KSU    10.00 SU     
ttl548                                  23.74 KSU     8.75 SU     
jtl548                                   1.52 MSU     0.00 SU     
as2291                                  10.85 KSU     0.00 SU     
mxk548                                   1.91 MSU   135.00 SU     
dl9118                                 260.42 KSU     0.00 SU     
fs5892                                   7.52 KSU     0.00 SU     
glr548                                 206.32 KSU     0.00 SU     
iib548                                 149.22 KSU     8.81 KSU    
pjs548                                   1.32 KSU     0.00 SU     
sjr548                                 233.23 KSU     0.00 SU     
gsd548                                  44.39 KSU     0.00 SU     
ixd548                                  13.82 SU      0.00 SU     
wml548                                  19.17 KSU     0.00 SU     
mjw548                                   4.52 KSU     0.00 SU     
jrf548                                  13.95 SU      0.00 SU     
yxm548                                 132.68 SU      0.00 SU     
cnf599                                  52.82 KSU     0.00 SU     
cst565                                  19.46 KSU     0.00 SU     
chs548                                   7.56 KSU     0.00 SU     
ycx548                                  12.27 SU      0.00 SU     
------------------------------------------------------------- 
    
