
Usage Report: Project=dp9 Period=2021.q3
=============================================================
    Grant:    16.00 MSU
     Used:     4.79 MSU
 Reserved:     2.08 KSU
    Avail:    11.21 MSU
    
Stakeholder                   Grant         Used        Avail
-------------------------------------------------------------    
BoM                       16.00 MSU     4.79 MSU    11.21 MSU    
------------------------------------------------------------- 
    
User                                        Used     Reserved
-------------------------------------------------------------        
iib548                                  30.09 KSU     0.00 SU         
as2291                                  71.37 KSU    28.50 SU         
zxs548                                   3.07 KSU     0.00 SU         
ttl548                                  29.34 KSU   212.26 SU         
jtl548                                 159.28 KSU     0.00 SU         
glr548                                  72.50 KSU     0.00 SU         
sjr548                                   2.49 MSU     0.00 SU         
vvk548                                 632.77 KSU     0.00 SU         
dl9118                                   2.48 KSU     0.00 SU         
mxk548                                   1.29 MSU     1.84 KSU        
ycx548                                   4.80 KSU     0.00 SU         
slc548                                  33.21 SU      0.00 SU         
ixd548                                  25.98 SU      0.00 SU         
hhz548                                   8.67 KSU     0.00 SU         
jrf548                                  19.81 SU      0.00 SU         
rad548                                  24.17 SU      0.00 SU         
cnf599                                 288.72 SU      0.00 SU         
jxh903                                   0.02 SU      0.00 SU         
yxm548                                  56.83 SU      0.00 SU         
cst565                                 191.71 SU      0.00 SU         
pjs548                                 316.36 SU      0.00 SU         
crd548                                 110.57 SU      0.00 SU         
wml548                                  25.40 SU      0.00 SU         
-------------------------------------------------------------        

Storage Usage Report: Project=dp9
=============================================================
Filesystem        Used     iUsed    Allocation    iAllocation    
gdata1a      111.00 TB   32.87 M     270.00 TB        45.00 M        

Stakeholder                         Allocation    iAllocation
-------------------------------------------------------------            
BoM                                  270.00 TB        45.00 M                
-------------------------------------------------------------
            
