
Usage Report: Project=dp9 Period=2021.q2
=============================================================
    Grant:    18.00 MSU
     Used:     4.36 MSU
 Reserved:    11.47 KSU
    Avail:    13.63 MSU

Stakeholder                   Grant         Used        Avail
-------------------------------------------------------------
BoM                       18.00 MSU     4.37 MSU    13.63 MSU
------------------------------------------------------------- 

User                                        Used     Reserved
-------------------------------------------------------------    
jtl548                                   1.18 MSU     9.36 KSU    
dl9118                                  11.58 KSU     1.73 KSU    
vvk548                                 534.70 KSU     0.00 SU     
mxk548                                 740.09 KSU     0.00 SU     
glr548                                 362.08 KSU     0.00 SU     
sjr548                                   1.28 MSU   157.00 SU     
ttl548                                  10.26 KSU   209.76 SU     
hhz548                                 209.78 KSU     0.00 SU     
as2291                                   5.18 KSU    12.07 SU     
iib548                                  34.21 KSU     0.00 SU     
ixd548                                   2.83 SU      0.00 SU     
cnf599                                 204.08 SU      0.00 SU     
------------------------------------------------------------- 
    
