------------------------------------------------------------------------------
         project             user     space used      file size          count
------------------------------------------------------------------------------
             dp9           bf7468         1836kB         1832kB              2
          access           hhz548          4.0kB          3.6kB              1
             dp9           hhz548         18.2TB         21.2TB        1641180
             y03           cjb548         1972kB         1967kB              1
             dp9           cjb548         67.2GB         67.2GB          29980
      access.dev           mjn548         1476kB         1226kB            161
             dp9           mjn548         1007GB          991GB        3329506
          access           ycx548         3877MB         3866MB           5016
      access.dev           ycx548         9796kB         9500kB            168
             du7           ycx548         16.0kB          9.8kB              4
             dp9           ycx548         9428GB         9666GB        3522006
             dp9           ljr548          331GB          331GB         107830
             dp9           zxs548          400GB          397GB         835850
             dp9           dhs548          8.0kB          8.0kB              2
             dp9           gsd548         3224GB         3223GB         422723
             dp9           vvk548         4465GB         4495GB        1492695
             dp9           bxr548          367MB          367MB             75
             en0           bxr548          204kB         89.2kB             25
             dp9           cit548         3904GB         3904GB         221915
             dp9           rmb548          4.0kB          4.0kB              1
             dp9           hqz548          151GB          151GB            287
          access           xds548          568kB          466kB             53
             du7           xds548          424kB          170kB             70
             dp9           xds548         2193GB         2230GB         207610
             dp9           ffb548         64.0kB         64.0kB             16
             dp9           mjw548          357GB          357GB          24301
          access           mjw548          0.0kB          0.0kB              1
             en0           mjw548          4.0kB          4.0kB              1
          access           axs599          0.0kB          0.7kB             95
      access.dev           axs599         12.0kB          0.8kB             23
             dp9           zhl548          342GB          342GB         160459
          access           zhl548         44.0kB         33.8kB              3
             dp9           dr8819          214GB          213GB         188760
          access           slc548         1492GB         1492GB            902
             dp9           slc548          198GB          198GB         132735
             er7           gxk548         45.8MB         45.7MB             16
             du7           gxk548         12.6MB         10.2MB           1253
             dp9           mrd599         1025MB         1025MB             19
          access           mxk548         2319GB         2319GB          13383
             dp9           mxk548         7116GB         7333GB         908220
             dp9           sss548         65.2GB         66.7GB           5780
          access           wml548          8.0kB          8.0kB              2
      access.dev           wml548         60.0kB         16.5kB             15
             dp9           wml548         2605GB         2623GB         358397
             dp9           iib548         4068GB         4659GB        2803574
          access           iib548          4.0kB          3.4kB              1
             dp9           yxm548         1694GB         1733GB         147106
             dx2           pag548          292MB          292MB              1
             dp9           cnf599         30.9TB         35.9TB         256592
          access           nwe548          0.0kB          0.0kB              3
             du7           nwe548         30.8GB         30.8GB           3253
             dp9           nwe548         4933MB         5037MB          42708
             dp9           pjs548         39.8GB         39.6GB          90698
             dp9           jtl548         50.1TB         52.2TB        5328582
          access           jtl548         12.4GB         12.4GB           7242
             dp9           ixd548         1491GB         1490GB         499869
          access           ixd548          930MB          930MB              7
             dp9           fs5892         11.8TB         13.1TB         253659
          access           fs5892         25.3GB         25.3GB          11019
             du7           chs548         1089GB         1101GB          17580
             dp9           chs548          211GB          230GB          65080
            ma05           chs548         2288kB         1996kB            148
             dp9           as2291         1376GB         1373GB         851687
          access           as2291         5385MB         5171MB         141700
             du7           glr548         8844kB         8213kB            350
             dp9           glr548         2894GB         2930GB        1641066
             dp9           jb6931          332MB          332MB              2
             dp9           ijb548          4.0kB          4.0kB              1
             dp9           jrf548         2039GB         2046GB         333337
             dp9           axs548         7915MB         7909MB           2993
             dp9           nt4021          4.0kB          4.0kB              1
             dp9           ttl548         96.5GB         94.7GB         343620
             dp9           kkp548          465GB          465GB            513
             dp9           sjr548         1822GB         1855GB        2125282
          access           sjr548         4719MB         4727MB           1358
------------------------------------------------------------------------------
