
Usage Report: Project=dp9 Period=2021.q3
=============================================================
    Grant:    16.00 MSU
     Used:     2.24 MSU
 Reserved:     1.76 KSU
    Avail:    13.76 MSU
    
Stakeholder                   Grant         Used        Avail
-------------------------------------------------------------    
BoM                       16.00 MSU     2.24 MSU    13.76 MSU    
------------------------------------------------------------- 
    
User                                        Used     Reserved
-------------------------------------------------------------        
iib548                                   7.38 KSU     0.00 SU         
as2291                                  31.66 KSU   309.73 SU         
zxs548                                   2.94 KSU     0.00 SU         
ttl548                                  16.02 KSU   237.85 SU         
jtl548                                 156.70 KSU     0.00 SU         
glr548                                  49.26 KSU     0.00 SU         
sjr548                                 913.51 KSU     0.00 SU         
vvk548                                 611.42 KSU     0.00 SU         
dl9118                                 867.34 SU      0.00 SU         
mxk548                                 451.41 KSU     1.20 KSU        
ycx548                                  65.54 SU      0.00 SU         
slc548                                  33.21 SU      0.00 SU         
ixd548                                  20.47 SU     11.00 SU         
hhz548                                 188.19 SU      0.00 SU         
jrf548                                  19.81 SU      0.00 SU         
rad548                                  24.17 SU      0.00 SU         
cnf599                                 288.72 SU      0.00 SU         
jxh903                                   0.02 SU      0.00 SU         
-------------------------------------------------------------        

Storage Usage Report: Project=dp9
=============================================================
Filesystem        Used     iUsed    Allocation    iAllocation    
gdata1a      106.72 TB   32.25 M     270.00 TB        45.00 M        

Stakeholder                         Allocation    iAllocation
-------------------------------------------------------------            
BoM                                  270.00 TB        45.00 M                
-------------------------------------------------------------
            
