
Usage Report: Project=dp9 Period=2021.q4
=============================================================
    Grant:    16.00 MSU
     Used:     6.30 MSU
 Reserved:    10.58 KSU
    Avail:     9.69 MSU
    
Stakeholder                   Grant         Used        Avail
-------------------------------------------------------------    
BoM                       16.00 MSU     6.31 MSU     9.69 MSU    
------------------------------------------------------------- 
    
User                                        Used     Reserved
-------------------------------------------------------------        
dl9118                                  23.91 KSU   240.00 SU         
vvk548                                 465.74 KSU     0.00 SU         
ttl548                                  32.05 KSU    17.50 SU         
as2291                                 114.00 KSU   106.50 SU         
mjz548                                   3.24 MSU     2.11 KSU        
iib548                                  88.53 KSU     0.00 SU         
glr548                                  10.73 KSU     0.00 SU         
slc548                                   1.20 MSU     0.00 SU         
pjs548                                   1.10 KSU     0.00 SU         
pcl900                                   1.82 KSU     0.00 SU         
sjr548                                 545.32 KSU     0.00 SU         
jtl548                                 103.41 KSU     0.00 SU         
zxs548                                  17.91 KSU     0.00 SU         
cnf599                                  37.40 KSU     0.00 SU         
yxm548                                   1.55 KSU     0.00 SU         
chs548                                   2.89 KSU     0.00 SU         
ycx548                                 244.65 SU      0.00 SU         
wml548                                 352.49 KSU     0.00 SU         
hhz548                                 276.14 SU      0.00 SU         
cst565                                   0.12 SU      0.00 SU         
mxk548                                  44.49 KSU     0.00 SU         
rad548                                  14.16 SU      0.00 SU         
ixd548                                   9.77 SU      0.00 SU         
aai562                                  23.11 KSU     8.11 KSU        
-------------------------------------------------------------        

Storage Usage Report: Project=dp9
=============================================================
Filesystem        Used     iUsed    Allocation    iAllocation    
gdata1a      185.24 TB   32.80 M     270.00 TB        45.00 M        

Stakeholder                         Allocation    iAllocation
-------------------------------------------------------------            
BoM                                  270.00 TB        45.00 M                
-------------------------------------------------------------
            
