
Usage Report: Project=dp9 Period=2020.q4
=============================================================
    Grant:     9.00 MSU
     Used:     4.11 MSU
 Reserved:     1.35 KSU
    Avail:     4.88 MSU

Stakeholder                   Grant         Used        Avail
-------------------------------------------------------------
BoM                        9.00 MSU     4.12 MSU     4.88 MSU
------------------------------------------------------------- 

User                                        Used     Reserved
-------------------------------------------------------------    
vvk548                                 677.33 KSU    48.00 SU     
zxs548                                  40.63 KSU     0.00 SU     
ttl548                                  15.79 KSU   128.25 SU     
jtl548                                   1.51 MSU     0.00 SU     
as2291                                   8.04 KSU     0.00 SU     
mxk548                                   1.19 MSU    28.50 SU     
dl9118                                 171.33 KSU     0.00 SU     
fs5892                                   7.49 KSU     0.00 SU     
glr548                                  71.54 KSU     1.08 KSU    
iib548                                 129.09 KSU    66.00 SU     
pjs548                                   1.04 KSU     0.00 SU     
sjr548                                 231.16 KSU     0.00 SU     
gsd548                                  43.23 KSU     0.00 SU     
ixd548                                   9.25 SU      0.00 SU     
wml548                                   3.48 KSU     0.00 SU     
mjw548                                   4.52 KSU     0.00 SU     
jrf548                                  13.95 SU      0.00 SU     
yxm548                                  69.10 SU      0.00 SU     
------------------------------------------------------------- 
    
