------------------------------------------------------------------------------
         project             user     space used      file size          count
------------------------------------------------------------------------------
             dp9           mjw548         93.6GB         93.4GB         205877
          access           mjw548         13.0TB         13.0TB        3592416
             dp9           cnf599         11.2TB         11.2TB          89821
             dp9           cjb548         32.0kB         32.0kB              2
             dp9           xds548         73.1GB         73.1GB           1796
             dp9           sss548         32.0kB         32.0kB              2
          access           as2291          4.0kB          1.0kB              1
             dp9           as2291         61.5MB         56.4MB           2367
             dp9           nt4021          109GB          109GB           4384
             dp9           cs0369         32.0kB         32.0kB              2
             dp9           rmb548         32.0kB         32.0kB              2
             dp9           jrf548         32.0kB         32.0kB              2
             dp9           zxs548         4889GB         4926GB         159321
             dp9           sjr548         34.1TB         34.3TB        2223164
             dp9           jl0029         32.0kB         32.0kB              2
             dp9           ycx548         32.0kB         32.0kB              2
             dp9           ljr548         32.0kB         32.0kB              2
             dp9           yxm548         15.1TB         15.1TB        1197707
             dp9           dr8819          183GB          183GB           2994
             dp9           tc2375         32.0kB         32.0kB              2
            us94           mxk548         96.8MB         94.7MB           1368
             dp9           mxk548          258TB          266TB         676481
             dp9           glr548         32.3TB         39.5TB        1131492
             du7           glr548         1792kB         1585kB            128
             dp9           hw4629         32.0kB         32.0kB              2
          access           mrd599         32.7GB         32.7GB           4384
             dp9           mrd599         16.1GB         16.1GB          13237
             dp9           hhz548         53.3TB         53.7TB         443301
             dp9           ijb548         32.0kB         32.0kB              2
             rr6           ijb548          8.0kB          1.3kB              2
          access           zhl548          308kB          250kB             22
             dp9           zhl548          889GB          901GB         227470
          access           wml548         9611MB         9127MB         240801
             dp9           wml548          243TB          258TB         581475
             en0           bxr548         1528MB         1448MB          42412
             dp9           bxr548         32.0kB         32.0kB              2
             dp9           fs5892         3657MB         3405MB         127868
             dp9           gxk548         32.0kB         32.0kB              2
             dp9           hhn548         32.0kB         32.0kB              2
             dp9           jb6931         32.0kB         32.0kB              2
             dp9           iib548         2800GB         2804GB        2737203
             dp9           nwe548         32.0kB         32.0kB              2
             dp9           ixd548          432kB          432kB             27
             dp9           ml6621         32.0kB         32.0kB              2
             dp9           pjs548         21.7GB         21.7GB           1499
             dp9           slc548         4077GB         4082GB          70432
          public           slc548         41.1MB         40.7MB            278
          access           ttl548         76.3MB         75.5MB            498
             dp9           ttl548         45.3TB         45.4TB         416786
             dp9           pag548          128kB          128kB              8
             dx2           pag548          660kB          594kB             38
          access           jtl548         4203MB         4158MB          26128
             dp9           jtl548         10.6TB         10.6TB         920998
             dp9           dl9118         82.6GB         82.7GB          20064
             dp9           cit548          143MB          143MB             11
             ep4           jcf548         2412GB         2482GB          16007
             dp9           jcf548         32.0kB         32.0kB              2
             dp9           sl8973         32.0kB         32.0kB              2
             dp9           kkp548         32.0kB         32.0kB              2
          access           vvk548          424kB          384kB             17
             dp9           vvk548          9.8TB          9.9TB         222386
             dp9           ach599         32.0kB         32.0kB              2
             dp9           chs548         11.9MB         15.9MB             48
             du7           chs548          144GB          144GB            337
             dp9           hqz548         32.0kB         32.0kB              2
          access           mjn548          188kB          175kB              6
             dp9           mjn548         5208MB         5208MB            212
             dp9           gsd548         32.0kB         32.0kB              2
------------------------------------------------------------------------------
