
Usage Report: Project=dp9 Period=2020.q4
=============================================================
    Grant:     9.00 MSU
     Used:     3.64 MSU
 Reserved:   426.08 SU 
    Avail:     5.36 MSU

Stakeholder                   Grant         Used        Avail
-------------------------------------------------------------
BoM                        9.00 MSU     3.64 MSU     5.36 MSU
------------------------------------------------------------- 

User                                        Used     Reserved
-------------------------------------------------------------    
vvk548                                 657.58 KSU     0.00 SU     
zxs548                                  40.61 KSU     0.00 SU     
ttl548                                  13.11 KSU     8.75 SU     
jtl548                                   1.51 MSU     0.00 SU     
as2291                                   6.62 KSU     0.67 SU     
mxk548                                 908.71 KSU     0.00 SU     
dl9118                                  92.84 KSU     0.00 SU     
fs5892                                   7.36 KSU     0.00 SU     
glr548                                  67.15 KSU     0.00 SU     
iib548                                 118.91 KSU     0.00 SU     
pjs548                                 710.10 SU      0.00 SU     
sjr548                                 168.14 KSU   416.67 SU     
gsd548                                  31.39 KSU     0.00 SU     
ixd548                                   8.10 SU      0.00 SU     
wml548                                   3.43 KSU     0.00 SU     
mjw548                                   4.52 KSU     0.00 SU     
jrf548                                  13.95 SU      0.00 SU     
yxm548                                  49.46 SU      0.00 SU     
------------------------------------------------------------- 
    
