
Usage Report: Project=dp9 Period=2020.q3
=============================================================
    Grant:     9.00 MSU
     Used:     2.01 MSU
 Reserved:    29.75 SU 
    Avail:     6.99 MSU

Stakeholder                   Grant         Used        Avail
-------------------------------------------------------------
BoM                        9.00 MSU     1.97 MSU     7.03 MSU
------------------------------------------------------------- 

User                                        Used     Reserved
-------------------------------------------------------------    
ttl548                                  37.16 KSU    13.75 SU     
hhz548                                 564.00 KSU     0.00 SU     
mxk548                                 850.57 KSU    16.00 SU     
iib548                                  10.30 KSU     0.00 SU     
vvk548                                  10.13 KSU     0.00 SU     
yxm548                                  48.98 SU      0.00 SU     
zxs548                                  18.99 KSU     0.00 SU     
as2291                                   2.41 KSU     0.00 SU     
gsd548                                 104.74 KSU     0.00 SU     
glr548                                  86.69 KSU     0.00 SU     
sjr548                                  18.96 KSU     0.00 SU     
wml548                                 298.25 KSU     0.00 SU     
jtl548                                  10.15 KSU     0.00 SU     
pjs548                                 928.90 SU      0.00 SU     
mjw548                                   9.18 SU      0.00 SU     
ixd548                                  11.23 SU      0.00 SU     
bxr548                                   0.93 SU      0.00 SU     
fs5892                                   0.07 SU      0.00 SU     
jrf548                                  39.14 SU      0.00 SU     
------------------------------------------------------------- 
    
