
Usage Report: Project=dp9 Period=2021.q1
=============================================================
    Grant:    18.00 MSU
     Used:     2.81 MSU
 Reserved:     6.40 KSU
    Avail:    15.19 MSU

Stakeholder                   Grant         Used        Avail
-------------------------------------------------------------
BoM                       18.00 MSU     2.81 MSU    15.19 MSU
------------------------------------------------------------- 

User                                        Used     Reserved
-------------------------------------------------------------    
as2291                                   7.99 KSU    25.00 SU     
ixd548                                  15.49 SU      0.00 SU     
ycx548                                  15.55 KSU     0.00 SU     
ttl548                                  17.73 KSU   223.25 SU     
vvk548                                   1.56 MSU     0.00 SU     
dl9118                                  20.12 KSU     0.00 SU     
iib548                                 119.88 KSU     0.00 SU     
wml548                                  24.11 SU      0.00 SU     
mxk548                                 893.44 KSU     6.16 KSU    
hhz548                                  35.47 KSU     0.00 SU     
jtl548                                   1.99 KSU     0.00 SU     
sjr548                                  14.39 KSU     0.00 SU     
gl7525                                   5.02 SU      0.00 SU     
zhl548                                   0.00 SU      0.00 SU     
fs5892                                   0.57 SU      0.00 SU     
glr548                                 119.31 KSU     0.00 SU     
zxs548                                 161.06 SU      0.00 SU     
------------------------------------------------------------- 
    
