
Usage Report: Project=dp9 Period=2020.q2
=============================================================
    Grant:     6.00 MSU
     Used:   228.98 KSU
 Reserved:     2.44 KSU
    Avail:     5.77 MSU

Stakeholder                   Grant         Used        Avail
-------------------------------------------------------------
BoM                        6.00 MSU   231.42 KSU     5.77 MSU
------------------------------------------------------------- 

User                                        Used     Reserved
-------------------------------------------------------------    
gsd548                                  13.14 KSU     0.00 SU     
sjr548                                  72.48 KSU     2.37 KSU    
ttl548                                  13.55 KSU    55.00 SU     
zxs548                                  11.72 KSU     0.00 SU     
mxk548                                 104.83 KSU     0.00 SU     
zhl548                                 841.77 SU     16.00 SU     
vvk548                                   1.87 KSU     0.00 SU     
ixd548                                   6.19 SU      0.00 SU     
mjw548                                  65.27 SU      0.00 SU     
jtl548                                   1.17 KSU     0.00 SU     
as2291                                 221.16 SU      0.00 SU     
cjb548                                   0.01 SU      0.00 SU     
iib548                                   8.24 KSU     0.00 SU     
yxm548                                  25.80 SU      0.00 SU     
cnf599                                 834.57 SU      0.00 SU     
------------------------------------------------------------- 
    
