
Usage Report: Project=dp9 Period=2020.q4
=============================================================
    Grant:     9.00 MSU
     Used:     4.26 MSU
 Reserved:    18.51 KSU
    Avail:     4.72 MSU

Stakeholder                   Grant         Used        Avail
-------------------------------------------------------------
BoM                        9.00 MSU     4.28 MSU     4.72 MSU
------------------------------------------------------------- 

User                                        Used     Reserved
-------------------------------------------------------------    
vvk548                                 714.94 KSU     0.00 SU     
zxs548                                  40.69 KSU     0.00 SU     
ttl548                                  16.37 KSU    11.75 SU     
jtl548                                   1.52 MSU     0.00 SU     
as2291                                   8.18 KSU     0.00 SU     
mxk548                                   1.24 MSU     0.00 SU     
dl9118                                 188.57 KSU     3.14 KSU    
fs5892                                   7.49 KSU     0.00 SU     
glr548                                 102.00 KSU     0.00 SU     
iib548                                 129.13 KSU     0.00 SU     
pjs548                                   1.04 KSU     0.00 SU     
sjr548                                 231.16 KSU     0.00 SU     
gsd548                                  43.23 KSU     0.00 SU     
ixd548                                  10.04 SU      0.00 SU     
wml548                                   3.48 KSU     0.00 SU     
mjw548                                   4.52 KSU     0.00 SU     
jrf548                                  13.95 SU      0.00 SU     
yxm548                                 112.28 SU      0.00 SU     
cnf599                                  13.46 KSU    15.36 KSU    
------------------------------------------------------------- 
    
