
Usage Report: Project=dp9 Period=2020.q4
=============================================================
    Grant:     9.00 MSU
     Used:     3.44 MSU
 Reserved:     2.86 KSU
    Avail:     5.56 MSU

Stakeholder                   Grant         Used        Avail
-------------------------------------------------------------
BoM                        9.00 MSU     3.44 MSU     5.56 MSU
------------------------------------------------------------- 

User                                        Used     Reserved
-------------------------------------------------------------    
vvk548                                 657.58 KSU     0.00 SU     
zxs548                                  40.61 KSU     0.00 SU     
ttl548                                  12.39 KSU     8.75 SU     
jtl548                                   1.46 MSU    12.50 SU     
as2291                                   6.22 KSU     2.33 SU     
mxk548                                 834.88 KSU     1.15 KSU    
dl9118                                  77.62 KSU   918.00 SU     
fs5892                                   7.36 KSU     0.00 SU     
glr548                                  67.15 KSU     0.00 SU     
iib548                                 118.91 KSU     0.00 SU     
pjs548                                 710.10 SU      0.00 SU     
sjr548                                 122.90 KSU   768.67 SU     
gsd548                                  31.39 KSU     0.00 SU     
ixd548                                   8.10 SU      0.00 SU     
wml548                                   3.43 KSU     0.00 SU     
mjw548                                   4.52 KSU     0.00 SU     
jrf548                                  13.95 SU      0.00 SU     
yxm548                                  29.92 SU      0.00 SU     
------------------------------------------------------------- 
    
