
Usage Report: Project=dp9 Period=2020.q2
=============================================================
    Grant:     6.00 MSU
     Used:   895.74 KSU
 Reserved:     2.89 KSU
    Avail:     5.10 MSU

Stakeholder                   Grant         Used        Avail
-------------------------------------------------------------
BoM                        6.00 MSU   898.63 KSU     5.10 MSU
------------------------------------------------------------- 

User                                        Used     Reserved
-------------------------------------------------------------    
gsd548                                  34.77 KSU     0.00 SU     
sjr548                                 394.68 KSU     2.82 KSU    
ttl548                                  49.22 KSU    55.00 SU     
zxs548                                  59.66 KSU     0.00 SU     
mxk548                                 224.46 KSU     0.00 SU     
zhl548                                   9.52 KSU     0.00 SU     
vvk548                                   6.76 KSU     0.00 SU     
ixd548                                  12.91 SU      0.00 SU     
mjw548                                 254.40 SU      0.00 SU     
jtl548                                   1.26 KSU     0.00 SU     
as2291                                   1.37 KSU     0.00 SU     
cjb548                                   0.01 SU      0.00 SU     
iib548                                  80.73 KSU     0.00 SU     
yxm548                                  44.82 SU      0.00 SU     
cnf599                                  12.47 KSU     0.00 SU     
glr548                                  20.41 KSU     0.00 SU     
hhz548                                   0.22 SU      0.00 SU     
chs548                                   1.04 SU      0.00 SU     
nwe548                                 118.84 SU      0.00 SU     
cit548                                   0.52 SU      7.00 SU     
------------------------------------------------------------- 
    
