
Usage Report: Project=dp9 Period=2020.q2
=============================================================
    Grant:     6.00 MSU
     Used:     4.74 MSU
 Reserved:     3.94 KSU
    Avail:     1.25 MSU

Stakeholder                   Grant         Used        Avail
-------------------------------------------------------------
BoM                        6.00 MSU     4.75 MSU     1.25 MSU
------------------------------------------------------------- 

User                                        Used     Reserved
-------------------------------------------------------------    
gsd548                                 130.34 KSU     0.00 SU     
sjr548                                 852.16 KSU     0.00 SU     
ttl548                                  90.85 KSU    55.00 SU     
zxs548                                 239.13 KSU     0.00 SU     
mxk548                                   1.26 MSU     1.54 KSU    
zhl548                                  12.36 KSU     0.00 SU     
vvk548                                  18.46 KSU     0.00 SU     
ixd548                                 793.96 SU      0.00 SU     
mjw548                                   5.11 KSU     0.00 SU     
jtl548                                   5.12 KSU     0.00 SU     
as2291                                   7.45 KSU     0.00 SU     
cjb548                                   0.01 SU      0.00 SU     
iib548                                   1.09 MSU     0.00 SU     
yxm548                                 163.95 SU      0.00 SU     
cnf599                                  12.47 KSU     0.00 SU     
glr548                                 197.30 KSU     0.00 SU     
hhz548                                  55.77 KSU     2.30 KSU    
chs548                                   1.06 SU      0.00 SU     
nwe548                                 118.84 SU      0.00 SU     
cit548                                   1.32 KSU     0.00 SU     
mrd599                                   0.21 SU      0.00 SU     
fs5892                                 157.12 SU      0.00 SU     
wml548                                 763.88 KSU    48.00 SU     
pjs548                                   0.02 SU      0.00 SU     
xds548                                   1.10 KSU     0.00 SU     
mjn548                                   0.78 SU      0.00 SU     
------------------------------------------------------------- 
    
