
Usage Report: Project=dp9 Period=2020.q2
=============================================================
    Grant:     6.00 MSU
     Used:     1.01 MSU
 Reserved:     2.96 KSU
    Avail:     4.99 MSU

Stakeholder                   Grant         Used        Avail
-------------------------------------------------------------
BoM                        6.00 MSU     1.01 MSU     4.99 MSU
------------------------------------------------------------- 

User                                        Used     Reserved
-------------------------------------------------------------    
gsd548                                  34.77 KSU     0.00 SU     
sjr548                                 473.00 KSU     2.91 KSU    
ttl548                                  50.88 KSU    55.00 SU     
zxs548                                  70.23 KSU     0.00 SU     
mxk548                                 224.48 KSU     0.00 SU     
zhl548                                   9.52 KSU     0.00 SU     
vvk548                                   7.74 KSU     0.00 SU     
ixd548                                  12.91 SU      0.00 SU     
mjw548                                 254.40 SU      0.00 SU     
jtl548                                   1.62 KSU     0.00 SU     
as2291                                   1.38 KSU     0.00 SU     
cjb548                                   0.01 SU      0.00 SU     
iib548                                  88.29 KSU     0.00 SU     
yxm548                                  44.82 SU      0.00 SU     
cnf599                                  12.47 KSU     0.00 SU     
glr548                                  35.03 KSU     0.00 SU     
hhz548                                   0.22 SU      0.00 SU     
chs548                                   1.06 SU      0.00 SU     
nwe548                                 118.84 SU      0.00 SU     
cit548                                  19.67 SU      0.00 SU     
------------------------------------------------------------- 
    
