
Usage Report: Project=dp9 Period=2021.q3
=============================================================
    Grant:     9.00 MSU
     Used:   201.50 KSU
 Reserved:    37.56 KSU
    Avail:     8.76 MSU
    
Stakeholder                   Grant         Used        Avail
-------------------------------------------------------------    
BoM                        9.00 MSU   239.06 KSU     8.76 MSU    
------------------------------------------------------------- 
    
User                                        Used     Reserved
-------------------------------------------------------------        
iib548                                 134.75 SU      0.00 SU         
as2291                                   3.53 KSU   680.75 SU         
zxs548                                   1.79 SU      0.00 SU         
ttl548                                   2.22 KSU   240.85 SU         
jtl548                                  23.51 KSU   676.33 SU         
glr548                                  14.40 KSU     0.00 SU         
sjr548                                  63.94 KSU     1.40 KSU        
vvk548                                  85.14 KSU    34.56 KSU        
dl9118                                 133.41 SU      0.00 SU         
mxk548                                   8.47 KSU     0.00 SU         
ycx548                                   9.68 SU      0.00 SU         
-------------------------------------------------------------        

Storage Usage Report: Project=dp9
=============================================================
Filesystem        Used     iUsed    Allocation    iAllocation    
gdata1a      105.11 TB   31.67 M     270.00 TB        45.00 M        

Stakeholder                         Allocation    iAllocation
-------------------------------------------------------------            
BoM                                  270.00 TB        45.00 M                
-------------------------------------------------------------
            
