
Usage Report: Project=dp9 Period=2021.q4
=============================================================
    Grant:    16.00 MSU
     Used:     1.12 MSU
 Reserved:     6.14 KSU
    Avail:    14.87 MSU
    
Stakeholder                   Grant         Used        Avail
-------------------------------------------------------------    
BoM                       16.00 MSU     1.13 MSU    14.87 MSU    
------------------------------------------------------------- 
    
User                                        Used     Reserved
-------------------------------------------------------------        
dl9118                                  18.95 KSU     1.22 KSU        
vvk548                                 292.83 KSU     0.00 SU         
ttl548                                   8.36 KSU    27.75 SU         
as2291                                  65.56 KSU   132.00 SU         
mjz548                                 624.27 KSU     3.10 KSU        
iib548                                   1.58 KSU     0.00 SU         
glr548                                   9.85 KSU     0.00 SU         
slc548                                   1.37 KSU     0.00 SU         
pjs548                                   9.83 SU      0.00 SU         
pcl900                                 142.94 SU      0.00 SU         
sjr548                                  24.89 KSU     0.00 SU         
jtl548                                  25.06 KSU    16.00 SU         
zxs548                                 348.64 SU      0.00 SU         
cnf599                                  32.93 KSU     0.00 SU         
yxm548                                  94.49 SU      0.00 SU         
chs548                                   2.89 KSU     0.00 SU         
ycx548                                 244.65 SU    104.00 SU         
wml548                                   9.71 KSU     1.54 KSU        
-------------------------------------------------------------        

Storage Usage Report: Project=dp9
=============================================================
Filesystem        Used     iUsed    Allocation    iAllocation    
gdata1a      145.18 TB   34.39 M     270.00 TB        45.00 M        

Stakeholder                         Allocation    iAllocation
-------------------------------------------------------------            
BoM                                  270.00 TB        45.00 M                
-------------------------------------------------------------
            
