
Usage Report: Project=dp9 Period=2020.q4
=============================================================
    Grant:     9.00 MSU
     Used:   316.45 KSU
 Reserved:    98.55 KSU
    Avail:     8.58 MSU

Stakeholder                   Grant         Used        Avail
-------------------------------------------------------------
BoM                        9.00 MSU   415.00 KSU     8.58 MSU
------------------------------------------------------------- 

User                                        Used     Reserved
-------------------------------------------------------------    
vvk548                                  72.28 KSU    96.77 KSU    
zxs548                                 699.88 SU    240.00 SU     
ttl548                                   1.37 KSU     8.75 SU     
jtl548                                 211.09 KSU     0.00 SU     
as2291                                 591.40 SU      0.00 SU     
mxk548                                  24.89 KSU     1.54 KSU    
dl9118                                 602.06 SU      0.00 SU     
fs5892                                 356.63 SU      0.00 SU     
glr548                                   1.10 KSU     0.00 SU     
iib548                                   3.36 KSU     0.00 SU     
pjs548                                 110.86 SU      0.00 SU     
sjr548                                   1.14 SU      0.00 SU     
------------------------------------------------------------- 
    
