
Usage Report: Project=dp9 Period=2020.q2
=============================================================
    Grant:     6.00 MSU
     Used:     1.92 MSU
 Reserved:   589.75 SU 
    Avail:     4.08 MSU

Stakeholder                   Grant         Used        Avail
-------------------------------------------------------------
BoM                        6.00 MSU     1.92 MSU     4.08 MSU
------------------------------------------------------------- 

User                                        Used     Reserved
-------------------------------------------------------------    
gsd548                                  55.24 KSU     0.00 SU     
sjr548                                 849.52 KSU     0.00 SU     
ttl548                                  62.79 KSU    13.75 SU     
zxs548                                 119.43 KSU   576.00 SU     
mxk548                                 254.52 KSU     0.00 SU     
zhl548                                  10.95 KSU     0.00 SU     
vvk548                                  10.03 KSU     0.00 SU     
ixd548                                  17.14 SU      0.00 SU     
mjw548                                 352.00 SU      0.00 SU     
jtl548                                   2.84 KSU     0.00 SU     
as2291                                   6.28 KSU     0.00 SU     
cjb548                                   0.01 SU      0.00 SU     
iib548                                 402.89 KSU     0.00 SU     
yxm548                                  63.34 SU      0.00 SU     
cnf599                                  12.47 KSU     0.00 SU     
glr548                                 130.20 KSU     0.00 SU     
hhz548                                  24.37 SU      0.00 SU     
chs548                                   1.06 SU      0.00 SU     
nwe548                                 118.84 SU      0.00 SU     
cit548                                 892.39 SU      0.00 SU     
mrd599                                   0.21 SU      0.00 SU     
------------------------------------------------------------- 
    
