
Usage Report: Project=dp9 Period=2021.q3
=============================================================
    Grant:     9.00 MSU
     Used:     2.01 MSU
 Reserved:   494.10 SU 
    Avail:     6.99 MSU
    
Stakeholder                   Grant         Used        Avail
-------------------------------------------------------------    
BoM                        9.00 MSU     2.01 MSU     6.99 MSU    
------------------------------------------------------------- 
    
User                                        Used     Reserved
-------------------------------------------------------------        
iib548                                   2.01 KSU     0.00 SU         
as2291                                  15.26 KSU   260.42 SU         
zxs548                                   2.73 KSU     0.00 SU         
ttl548                                  11.28 KSU   233.68 SU         
jtl548                                 155.64 KSU     0.00 SU         
glr548                                  25.76 KSU     0.00 SU         
sjr548                                 891.97 KSU     0.00 SU         
vvk548                                 610.91 KSU     0.00 SU         
dl9118                                 534.96 SU      0.00 SU         
mxk548                                 292.59 KSU     0.00 SU         
ycx548                                  41.51 SU      0.00 SU         
slc548                                  33.21 SU      0.00 SU         
ixd548                                   6.47 SU      0.00 SU         
hhz548                                 185.01 SU      0.00 SU         
jrf548                                  19.81 SU      0.00 SU         
rad548                                  23.82 SU      0.00 SU         
-------------------------------------------------------------        

Storage Usage Report: Project=dp9
=============================================================
Filesystem        Used     iUsed    Allocation    iAllocation    
gdata1a      106.48 TB   31.86 M     270.00 TB        45.00 M        

Stakeholder                         Allocation    iAllocation
-------------------------------------------------------------            
BoM                                  270.00 TB        45.00 M                
-------------------------------------------------------------
            
