
Usage Report: Project=dp9 Period=2020.q4
=============================================================
    Grant:    18.00 MSU
     Used:    14.87 MSU
 Reserved:     5.15 KSU
    Avail:     3.13 MSU

Stakeholder                   Grant         Used        Avail
-------------------------------------------------------------
BoM                       18.00 MSU    14.87 MSU     3.13 MSU
------------------------------------------------------------- 

User                                        Used     Reserved
-------------------------------------------------------------    
vvk548                                   5.88 MSU     0.00 SU     
zxs548                                  57.49 KSU     0.00 SU     
ttl548                                  54.20 KSU     0.00 SU     
jtl548                                   1.82 MSU     0.00 SU     
as2291                                  29.74 KSU     0.00 SU     
mxk548                                   4.19 MSU    28.50 SU     
dl9118                                 564.79 KSU     4.76 KSU    
fs5892                                   7.52 KSU     0.00 SU     
glr548                                   1.05 MSU     0.00 SU     
iib548                                 249.04 KSU     0.00 SU     
pjs548                                   1.50 KSU     0.00 SU     
sjr548                                 317.81 KSU     0.00 SU     
gsd548                                 125.79 KSU     0.00 SU     
ixd548                                  30.97 SU      0.00 SU     
wml548                                 314.79 KSU     0.00 SU     
mjw548                                   4.52 KSU     0.00 SU     
jrf548                                  13.95 SU      0.00 SU     
yxm548                                 132.68 SU      0.00 SU     
cnf599                                  52.91 KSU     0.00 SU     
cst565                                 100.82 KSU     0.00 SU     
chs548                                  44.85 KSU   360.00 SU     
ycx548                                  40.06 SU      0.00 SU     
mrd599                                   0.02 SU      0.00 SU     
cit548                                  10.09 SU      0.00 SU     
slc548                                   0.03 SU      0.00 SU     
------------------------------------------------------------- 
    
