
Usage Report: Project=dp9 Period=2020.q3
=============================================================
    Grant:     9.00 MSU
     Used:     2.28 MSU
 Reserved:     1.60 KSU
    Avail:     6.72 MSU

Stakeholder                   Grant         Used        Avail
-------------------------------------------------------------
BoM                        9.00 MSU     2.24 MSU     6.76 MSU
------------------------------------------------------------- 

User                                        Used     Reserved
-------------------------------------------------------------    
ttl548                                  48.37 KSU    13.75 SU     
hhz548                                 564.00 KSU     0.00 SU     
mxk548                                 893.92 KSU     1.54 KSU    
iib548                                  20.07 KSU     0.00 SU     
vvk548                                  45.76 KSU     0.00 SU     
yxm548                                  48.98 SU      0.00 SU     
zxs548                                  19.02 KSU     0.00 SU     
as2291                                   3.45 KSU     0.00 SU     
gsd548                                 127.71 KSU     0.00 SU     
glr548                                 105.28 KSU     0.00 SU     
sjr548                                  61.46 KSU    54.93 SU     
wml548                                 365.11 KSU     0.00 SU     
jtl548                                  25.84 KSU     0.00 SU     
pjs548                                   1.34 KSU     0.00 SU     
mjw548                                   9.18 SU      0.00 SU     
ixd548                                  17.45 SU      0.00 SU     
bxr548                                   0.93 SU      0.00 SU     
fs5892                                  34.06 SU      0.00 SU     
jrf548                                  56.64 SU      0.00 SU     
xds548                                  16.16 SU      0.00 SU     
------------------------------------------------------------- 
    
