
Usage Report: Project=dp9 Period=2020.q3
=============================================================
    Grant:     9.00 MSU
     Used:     3.15 MSU
 Reserved:    55.00 SU 
    Avail:     5.85 MSU

Stakeholder                   Grant         Used        Avail
-------------------------------------------------------------
BoM                        9.00 MSU     3.11 MSU     5.89 MSU
------------------------------------------------------------- 

User                                        Used     Reserved
-------------------------------------------------------------    
ttl548                                  71.86 KSU    55.00 SU     
hhz548                                 564.00 KSU     0.00 SU     
mxk548                                   1.07 MSU     0.00 SU     
iib548                                  27.15 KSU     0.00 SU     
vvk548                                 178.56 KSU     0.00 SU     
yxm548                                  48.98 SU      0.00 SU     
zxs548                                  50.38 KSU     0.00 SU     
as2291                                   9.67 KSU     0.00 SU     
gsd548                                 134.02 KSU     0.00 SU     
glr548                                 175.59 KSU     0.00 SU     
sjr548                                 313.41 KSU     0.00 SU     
wml548                                 461.83 KSU     0.00 SU     
jtl548                                  97.08 KSU     0.00 SU     
pjs548                                   2.19 KSU     0.00 SU     
mjw548                                   1.20 KSU     0.00 SU     
ixd548                                  23.68 SU      0.00 SU     
bxr548                                   0.93 SU      0.00 SU     
fs5892                                  62.73 SU      0.00 SU     
jrf548                                  96.25 SU      0.00 SU     
xds548                                  16.16 SU      0.00 SU     
------------------------------------------------------------- 
    
