
Usage Report: Project=dp9 Period=2020.q4
=============================================================
    Grant:     9.00 MSU
     Used:     1.04 MSU
 Reserved:     9.10 KSU
    Avail:     7.95 MSU

Stakeholder                   Grant         Used        Avail
-------------------------------------------------------------
BoM                        9.00 MSU     1.05 MSU     7.95 MSU
------------------------------------------------------------- 

User                                        Used     Reserved
-------------------------------------------------------------    
vvk548                                 359.10 KSU     0.00 SU     
zxs548                                   7.77 KSU     0.00 SU     
ttl548                                   4.80 KSU     8.75 SU     
jtl548                                 506.37 KSU     9.09 KSU    
as2291                                   2.82 KSU     0.00 SU     
mxk548                                 107.89 KSU     0.00 SU     
dl9118                                   7.41 KSU     0.00 SU     
fs5892                                   4.86 KSU     0.53 SU     
glr548                                   6.71 KSU     0.00 SU     
iib548                                  24.86 KSU     0.00 SU     
pjs548                                 131.66 SU      0.00 SU     
sjr548                                 505.60 SU      0.00 SU     
gsd548                                   6.92 KSU     0.00 SU     
ixd548                                   3.87 SU      0.00 SU     
wml548                                   0.14 SU      0.00 SU     
mjw548                                  16.33 SU      0.00 SU     
------------------------------------------------------------- 
    
