
Usage Report: Project=dp9 Period=2020.q4
=============================================================
    Grant:     9.00 MSU
     Used:   106.60 KSU
 Reserved:    75.79 KSU
    Avail:     8.82 MSU

Stakeholder                   Grant         Used        Avail
-------------------------------------------------------------
BoM                        9.00 MSU   182.39 KSU     8.82 MSU
------------------------------------------------------------- 

User                                        Used     Reserved
-------------------------------------------------------------    
vvk548                                  13.35 KSU    69.12 KSU    
zxs548                                 319.66 SU      0.00 SU     
ttl548                                 757.43 SU     14.50 SU     
jtl548                                  83.10 KSU     6.65 KSU    
as2291                                 399.58 SU      5.80 SU     
mxk548                                   8.66 KSU     0.00 SU     
------------------------------------------------------------- 
    
