
Usage Report: Project=dp9 Period=2020.q3
=============================================================
    Grant:     9.00 MSU
     Used:   425.29 KSU
 Reserved:    25.22 KSU
    Avail:     8.55 MSU

Stakeholder                   Grant         Used        Avail
-------------------------------------------------------------
BoM                        9.00 MSU   408.49 KSU     8.59 MSU
------------------------------------------------------------- 

User                                        Used     Reserved
-------------------------------------------------------------    
ttl548                                   8.74 KSU     0.00 SU     
hhz548                                 309.42 KSU     0.00 SU     
mxk548                                   7.82 KSU     0.00 SU     
iib548                                 982.56 SU      0.00 SU     
vvk548                                   1.70 KSU   384.00 SU     
yxm548                                   3.63 SU      0.00 SU     
zxs548                                   7.41 KSU     0.00 SU     
as2291                                 166.19 SU      0.00 SU     
gsd548                                  16.95 KSU     0.00 SU     
glr548                                  22.81 KSU    22.53 KSU    
sjr548                                   2.42 SU      0.00 SU     
wml548                                  48.98 KSU     2.30 KSU    
jtl548                                 214.53 SU      0.00 SU     
pjs548                                  74.95 SU      0.00 SU     
mjw548                                   9.18 SU      0.00 SU     
------------------------------------------------------------- 
    
