
Usage Report: Project=dp9 Period=2021.q3
=============================================================
    Grant:     9.00 MSU
     Used:   537.04 KSU
 Reserved:    38.89 KSU
    Avail:     8.42 MSU
    
Stakeholder                   Grant         Used        Avail
-------------------------------------------------------------    
BoM                        9.00 MSU   575.93 KSU     8.42 MSU    
------------------------------------------------------------- 
    
User                                        Used     Reserved
-------------------------------------------------------------        
iib548                                 134.75 SU      0.00 SU         
as2291                                   7.09 KSU   523.00 SU         
zxs548                                  29.89 SU      0.00 SU         
ttl548                                   3.80 KSU   253.43 SU         
jtl548                                  60.42 KSU     2.39 KSU        
glr548                                  14.40 KSU     0.00 SU         
sjr548                                 193.00 KSU     1.16 KSU        
vvk548                                 228.45 KSU    34.56 KSU        
dl9118                                 277.54 SU      0.00 SU         
mxk548                                  29.43 KSU     0.00 SU         
ycx548                                   9.68 SU      0.00 SU         
-------------------------------------------------------------        

Storage Usage Report: Project=dp9
=============================================================
Filesystem        Used     iUsed    Allocation    iAllocation    
gdata1a      105.13 TB   31.69 M     270.00 TB        45.00 M        

Stakeholder                         Allocation    iAllocation
-------------------------------------------------------------            
BoM                                  270.00 TB        45.00 M                
-------------------------------------------------------------
            
