
Usage Report: Project=dp9 Period=2020.q3
=============================================================
    Grant:     9.00 MSU
     Used:   546.41 KSU
 Reserved:    13.75 SU 
    Avail:     8.45 MSU

Stakeholder                   Grant         Used        Avail
-------------------------------------------------------------
BoM                        9.00 MSU   504.40 KSU     8.50 MSU
------------------------------------------------------------- 

User                                        Used     Reserved
-------------------------------------------------------------    
ttl548                                  15.10 KSU    13.75 SU     
hhz548                                 309.42 KSU     0.00 SU     
mxk548                                   7.88 KSU     0.00 SU     
iib548                                   1.62 KSU     0.00 SU     
vvk548                                   1.92 KSU     0.00 SU     
yxm548                                  23.29 SU      0.00 SU     
zxs548                                   9.96 KSU     0.00 SU     
as2291                                 182.19 SU      0.00 SU     
gsd548                                  27.18 KSU     0.00 SU     
glr548                                  77.75 KSU     0.00 SU     
sjr548                                   1.75 KSU     0.00 SU     
wml548                                  91.98 KSU     0.00 SU     
jtl548                                   1.10 KSU     0.00 SU     
pjs548                                 518.66 SU      0.00 SU     
mjw548                                   9.18 SU      0.00 SU     
ixd548                                   5.88 SU      0.00 SU     
------------------------------------------------------------- 
    
