
Usage Report: Project=dp9 Period=2021.q2
=============================================================
    Grant:    18.00 MSU
     Used:     5.37 MSU
 Reserved:     1.36 KSU
    Avail:    12.63 MSU

Stakeholder                   Grant         Used        Avail
-------------------------------------------------------------
BoM                       18.00 MSU     5.37 MSU    12.63 MSU
------------------------------------------------------------- 

User                                        Used     Reserved
-------------------------------------------------------------    
jtl548                                   1.33 MSU     0.00 SU     
dl9118                                  23.87 KSU     0.00 SU     
vvk548                                 535.22 KSU     0.00 SU     
mxk548                                   1.23 MSU     0.00 SU     
glr548                                 396.71 KSU     0.00 SU     
sjr548                                   1.55 MSU     1.15 KSU    
ttl548                                  16.13 KSU   204.10 SU     
hhz548                                 209.78 KSU     0.00 SU     
as2291                                  10.02 KSU     0.00 SU     
iib548                                  41.70 KSU     0.00 SU     
ixd548                                   5.17 SU      0.00 SU     
cnf599                                   3.74 KSU     0.00 SU     
yxm548                                 277.01 SU      0.00 SU     
wml548                                  29.17 KSU     0.00 SU     
------------------------------------------------------------- 
    
