
Usage Report: Project=dp9 Period=2020.q2
=============================================================
    Grant:     6.00 MSU
     Used:     5.71 MSU
 Reserved:     5.43 KSU
    Avail:   283.17 KSU

Stakeholder                   Grant         Used        Avail
-------------------------------------------------------------
BoM                        6.00 MSU     5.72 MSU   283.17 KSU
------------------------------------------------------------- 

User                                        Used     Reserved
-------------------------------------------------------------    
gsd548                                 137.22 KSU     0.00 SU     
sjr548                                 893.39 KSU     0.00 SU     
ttl548                                  95.59 KSU    55.00 SU     
zxs548                                 289.46 KSU     0.00 SU     
mxk548                                   1.56 MSU     3.07 KSU    
zhl548                                  12.36 KSU     0.00 SU     
vvk548                                  19.14 KSU     0.00 SU     
ixd548                                 796.20 SU      0.00 SU     
mjw548                                   5.11 KSU     0.00 SU     
jtl548                                   5.14 KSU     0.00 SU     
as2291                                   7.59 KSU     0.00 SU     
cjb548                                   0.01 SU      0.00 SU     
iib548                                   1.11 MSU     0.00 SU     
yxm548                                 265.71 SU      0.00 SU     
cnf599                                  12.47 KSU     0.00 SU     
glr548                                 207.39 KSU     0.00 SU     
hhz548                                 239.57 KSU     2.30 KSU    
chs548                                   1.06 SU      0.00 SU     
nwe548                                 118.84 SU      0.00 SU     
cit548                                   1.32 KSU     0.00 SU     
mrd599                                   0.21 SU      0.00 SU     
fs5892                                 157.12 SU      0.00 SU     
wml548                                   1.11 MSU     0.00 SU     
pjs548                                   0.02 SU      0.00 SU     
xds548                                   1.10 KSU     0.00 SU     
mjn548                                   0.78 SU      0.00 SU     
------------------------------------------------------------- 
    
