
Usage Report: Project=dp9 Period=2021.q2
=============================================================
    Grant:    18.00 MSU
     Used:    44.73 KSU
 Reserved:    67.88 KSU
    Avail:    17.89 MSU

Stakeholder                   Grant         Used        Avail
-------------------------------------------------------------
BoM                       18.00 MSU   112.60 KSU    17.89 MSU
------------------------------------------------------------- 

User                                        Used     Reserved
-------------------------------------------------------------    
jtl548                                  12.91 KSU     4.78 KSU    
dl9118                                   0.00 SU      1.18 KSU    
vvk548                                   0.00 SU     33.38 KSU    
mxk548                                   6.95 KSU     1.16 KSU    
glr548                                   1.93 KSU    22.55 KSU    
sjr548                                  15.96 KSU     4.77 KSU    
ttl548                                  43.88 SU      8.75 SU     
hhz548                                   6.81 KSU     0.00 SU     
as2291                                 121.00 SU     31.52 SU     
------------------------------------------------------------- 
    
