
Usage Report: Project=dp9 Period=2021.q1
=============================================================
    Grant:    18.00 MSU
     Used:    11.68 MSU
 Reserved:     3.89 KSU
    Avail:     6.32 MSU

Stakeholder                   Grant         Used        Avail
-------------------------------------------------------------
BoM                       18.00 MSU    11.68 MSU     6.32 MSU
------------------------------------------------------------- 

User                                        Used     Reserved
-------------------------------------------------------------    
as2291                                  37.01 KSU     0.00 SU     
ixd548                                  39.83 SU      0.00 SU     
ycx548                                  15.58 KSU     0.00 SU     
ttl548                                  65.87 KSU     8.75 SU     
vvk548                                   1.59 MSU     0.00 SU     
dl9118                                 169.19 KSU     1.73 KSU    
iib548                                 490.31 KSU     0.00 SU     
wml548                                  32.31 SU      0.00 SU     
mxk548                                   5.72 MSU   480.00 SU     
hhz548                                 371.92 KSU     0.00 SU     
jtl548                                 777.64 KSU   466.00 SU     
sjr548                                 570.34 KSU     1.21 KSU    
gl7525                                   5.02 SU      0.00 SU     
zhl548                                  52.78 KSU     0.00 SU     
fs5892                                  16.59 KSU     0.00 SU     
glr548                                   1.77 MSU     0.00 SU     
zxs548                                 205.21 SU      0.00 SU     
cnf599                                   4.73 KSU     0.00 SU     
jrf548                                  77.97 SU      0.00 SU     
sb0446                                  21.43 KSU     0.00 SU     
dr8819                                   0.46 SU      0.00 SU     
yxm548                                 314.92 SU      0.00 SU     
slc548                                  62.10 SU      0.00 SU     
mxz548                                   0.04 SU      0.00 SU     
------------------------------------------------------------- 
    
