
Usage Report: Project=dp9 Period=2021.q1
=============================================================
    Grant:    18.00 MSU
     Used:    10.22 MSU
 Reserved:     1.55 KSU
    Avail:     7.77 MSU

Stakeholder                   Grant         Used        Avail
-------------------------------------------------------------
BoM                       18.00 MSU    10.23 MSU     7.77 MSU
------------------------------------------------------------- 

User                                        Used     Reserved
-------------------------------------------------------------    
as2291                                  35.89 KSU     0.00 SU     
ixd548                                  35.60 SU      0.00 SU     
ycx548                                  15.58 KSU     0.00 SU     
ttl548                                  58.74 KSU     8.75 SU     
vvk548                                   1.58 MSU     0.00 SU     
dl9118                                 148.47 KSU   300.00 SU     
iib548                                 475.97 KSU     0.00 SU     
wml548                                  32.31 SU      0.00 SU     
mxk548                                   5.03 MSU    12.50 SU     
hhz548                                 321.63 KSU     0.00 SU     
jtl548                                 487.88 KSU     1.23 KSU    
sjr548                                 419.89 KSU     0.00 SU     
gl7525                                   5.02 SU      0.00 SU     
zhl548                                  40.85 KSU     0.00 SU     
fs5892                                  19.09 SU      0.00 SU     
glr548                                   1.58 MSU     0.00 SU     
zxs548                                 205.21 SU      0.00 SU     
cnf599                                   4.73 KSU     0.00 SU     
jrf548                                  77.97 SU      0.00 SU     
sb0446                                  21.43 KSU     0.00 SU     
dr8819                                   0.46 SU      0.00 SU     
yxm548                                 314.92 SU      0.00 SU     
slc548                                  62.10 SU      0.00 SU     
------------------------------------------------------------- 
    
