
Usage Report: Project=dp9 Period=2020.q4
=============================================================
    Grant:    18.00 MSU
     Used:    10.61 MSU
 Reserved:   111.19 KSU
    Avail:     7.28 MSU

Stakeholder                   Grant         Used        Avail
-------------------------------------------------------------
BoM                       18.00 MSU    10.72 MSU     7.28 MSU
------------------------------------------------------------- 

User                                        Used     Reserved
-------------------------------------------------------------    
vvk548                                   4.27 MSU   103.68 KSU    
zxs548                                  55.41 KSU     0.00 SU     
ttl548                                  40.76 KSU     0.00 SU     
jtl548                                   1.56 MSU     0.00 SU     
as2291                                  19.94 KSU     0.00 SU     
mxk548                                   3.19 MSU     4.64 KSU    
dl9118                                 264.11 KSU     0.00 SU     
fs5892                                   7.52 KSU     0.00 SU     
glr548                                 437.68 KSU     0.00 SU     
iib548                                 202.36 KSU     2.87 KSU    
pjs548                                   1.50 KSU     0.00 SU     
sjr548                                 233.40 KSU     0.00 SU     
gsd548                                  86.74 KSU     0.00 SU     
ixd548                                  21.86 SU      0.00 SU     
wml548                                  73.74 KSU     0.00 SU     
mjw548                                   4.52 KSU     0.00 SU     
jrf548                                  13.95 SU      0.00 SU     
yxm548                                 132.68 SU      0.00 SU     
cnf599                                  52.87 KSU     0.00 SU     
cst565                                 100.82 KSU     0.00 SU     
chs548                                   7.77 KSU     0.00 SU     
ycx548                                  12.63 SU      0.00 SU     
mrd599                                   0.02 SU      0.00 SU     
cit548                                  10.09 SU      0.00 SU     
------------------------------------------------------------- 
    
