
Usage Report: Project=dp9 Period=2020.q3
=============================================================
    Grant:     9.00 MSU
     Used:     1.59 MSU
 Reserved:     2.32 KSU
    Avail:     7.41 MSU

Stakeholder                   Grant         Used        Avail
-------------------------------------------------------------
BoM                        9.00 MSU     1.55 MSU     7.45 MSU
------------------------------------------------------------- 

User                                        Used     Reserved
-------------------------------------------------------------    
ttl548                                  26.13 KSU    13.75 SU     
hhz548                                 352.62 KSU     2.30 KSU    
mxk548                                 710.13 KSU     0.00 SU     
iib548                                   2.81 KSU     0.00 SU     
vvk548                                   2.17 KSU     0.00 SU     
yxm548                                  43.30 SU      0.00 SU     
zxs548                                  18.82 KSU     0.00 SU     
as2291                                   2.13 KSU     0.00 SU     
gsd548                                  71.50 KSU     0.00 SU     
glr548                                  85.78 KSU     0.00 SU     
sjr548                                  18.94 KSU     0.00 SU     
wml548                                 298.25 KSU     0.00 SU     
jtl548                                   1.17 KSU     0.00 SU     
pjs548                                 813.27 SU      0.00 SU     
mjw548                                   9.18 SU      0.00 SU     
ixd548                                   8.52 SU      0.00 SU     
------------------------------------------------------------- 
    
