
Usage Report: Project=dp9 Period=2020.q1
=============================================================
    Grant:     6.00 MSU
     Used:     3.93 MSU
 Reserved:   486.58 SU 
    Avail:     2.07 MSU

Stakeholder                   Grant         Used        Avail
-------------------------------------------------------------
BoM                        6.00 MSU     3.93 MSU     2.07 MSU
------------------------------------------------------------- 

User                                        Used     Reserved
-------------------------------------------------------------    
iib548                                 787.05 KSU     0.00 SU     
ttl548                                 113.15 KSU    61.25 SU     
glr548                                 146.85 KSU     0.00 SU     
vvk548                                  17.75 KSU     0.00 SU     
mjw548                                  53.63 KSU     0.00 SU     
wml548                                  75.87 KSU     0.00 SU     
ixd548                                 225.06 SU      0.00 SU     
sl8973                                 332.05 SU      0.00 SU     
cnf599                                 124.01 KSU     0.00 SU     
pag548                                   1.86 KSU     0.00 SU     
mxk548                                   1.40 MSU     0.00 SU     
rmb548                                   0.03 SU      0.00 SU     
sjr548                                 105.88 KSU   425.33 SU     
nt4021                                  70.09 SU      0.00 SU     
jtl548                                 645.22 KSU     0.00 SU     
yxm548                                   1.10 KSU     0.00 SU     
hhz548                                 319.64 KSU     0.00 SU     
zhl548                                  23.72 KSU     0.00 SU     
gsd548                                  25.28 KSU     0.00 SU     
xds548                                   0.00 SU      0.00 SU     
chs548                                  66.89 KSU     0.00 SU     
mrd599                                   0.03 SU      0.00 SU     
as2291                                   2.19 KSU     0.00 SU     
jcf548                                  10.36 SU      0.00 SU     
cit548                                  68.46 SU      0.00 SU     
slc548                                 190.61 SU      0.00 SU     
zxs548                                  19.05 KSU     0.00 SU     
fs5892                                  25.40 SU      0.00 SU     
pjs548                                   0.06 SU      0.00 SU     
------------------------------------------------------------- 
    
