
Usage Report: Project=dp9 Period=2020.q2
=============================================================
    Grant:     6.00 MSU
     Used:   316.79 KSU
 Reserved:    55.00 SU 
    Avail:     5.68 MSU

Stakeholder                   Grant         Used        Avail
-------------------------------------------------------------
BoM                        6.00 MSU   316.84 KSU     5.68 MSU
------------------------------------------------------------- 

User                                        Used     Reserved
-------------------------------------------------------------    
gsd548                                  16.87 KSU     0.00 SU     
sjr548                                 129.97 KSU     0.00 SU     
ttl548                                  22.77 KSU    55.00 SU     
zxs548                                  26.36 KSU     0.00 SU     
mxk548                                 104.83 KSU     0.00 SU     
zhl548                                   2.47 KSU     0.00 SU     
vvk548                                   2.33 KSU     0.00 SU     
ixd548                                   6.19 SU      0.00 SU     
mjw548                                  66.18 SU      0.00 SU     
jtl548                                   1.19 KSU     0.00 SU     
as2291                                 517.20 SU      0.00 SU     
cjb548                                   0.01 SU      0.00 SU     
iib548                                   8.41 KSU     0.00 SU     
yxm548                                  25.80 SU      0.00 SU     
cnf599                                 985.23 SU      0.00 SU     
glr548                                   0.15 SU      0.00 SU     
------------------------------------------------------------- 
    
