
Usage Report: Project=dp9 Period=2020.q4
=============================================================
    Grant:    18.00 MSU
     Used:    10.13 MSU
 Reserved:     5.97 KSU
    Avail:     7.87 MSU

Stakeholder                   Grant         Used        Avail
-------------------------------------------------------------
BoM                       18.00 MSU    10.14 MSU     7.86 MSU
------------------------------------------------------------- 

User                                        Used     Reserved
-------------------------------------------------------------    
vvk548                                   3.83 MSU     0.00 SU     
zxs548                                  55.41 KSU     0.00 SU     
ttl548                                  38.82 KSU     8.75 SU     
jtl548                                   1.56 MSU     0.00 SU     
as2291                                  19.94 KSU     0.00 SU     
mxk548                                   3.16 MSU     8.75 SU     
dl9118                                 264.11 KSU     0.00 SU     
fs5892                                   7.52 KSU     0.00 SU     
glr548                                 432.39 KSU     4.80 KSU    
iib548                                 202.34 KSU     0.00 SU     
pjs548                                   1.50 KSU     0.00 SU     
sjr548                                 233.40 KSU     0.00 SU     
gsd548                                  86.74 KSU     0.00 SU     
ixd548                                  21.86 SU      0.00 SU     
wml548                                  68.13 KSU     1.15 KSU    
mjw548                                   4.52 KSU     0.00 SU     
jrf548                                  13.95 SU      0.00 SU     
yxm548                                 132.68 SU      0.00 SU     
cnf599                                  52.87 KSU     0.00 SU     
cst565                                 100.82 KSU     0.00 SU     
chs548                                   7.77 KSU     0.00 SU     
ycx548                                  12.27 SU      0.00 SU     
mrd599                                   0.02 SU      0.00 SU     
cit548                                  10.09 SU      0.00 SU     
------------------------------------------------------------- 
    
