
Usage Report: Project=dp9 Period=2021.q3
=============================================================
    Grant:    16.00 MSU
     Used:     9.02 MSU
 Reserved:    36.77 KSU
    Avail:     6.94 MSU
    
Stakeholder                   Grant         Used        Avail
-------------------------------------------------------------    
BoM                       16.00 MSU     9.06 MSU     6.94 MSU    
------------------------------------------------------------- 
    
User                                        Used     Reserved
-------------------------------------------------------------        
iib548                                 117.48 KSU     0.00 SU         
as2291                                 308.73 KSU    72.00 SU         
zxs548                                   5.37 KSU     0.00 SU         
ttl548                                  75.97 KSU   216.35 SU         
jtl548                                 285.35 KSU     0.00 SU         
glr548                                 192.52 KSU     0.00 SU         
sjr548                                   3.07 MSU    21.33 SU         
vvk548                                   1.35 MSU    34.56 KSU        
dl9118                                  32.73 KSU     1.06 KSU        
mxk548                                   2.74 MSU     0.00 SU         
ycx548                                  11.08 KSU     0.00 SU         
slc548                                  13.83 KSU     0.00 SU         
ixd548                                 178.30 SU      0.00 SU         
hhz548                                 475.96 KSU     0.00 SU         
jrf548                                  19.81 SU      0.00 SU         
rad548                                  24.18 SU      0.00 SU         
cnf599                                  42.67 KSU     0.00 SU         
jxh903                                   0.02 SU      0.00 SU         
yxm548                                  56.83 SU      0.00 SU         
cst565                                 191.71 SU      0.00 SU         
pjs548                                 895.50 SU      0.00 SU         
crd548                                 110.57 SU      0.00 SU         
wml548                                 136.10 SU      0.00 SU         
mjz548                                 133.03 KSU   842.67 SU         
mrd599                                  17.78 SU      0.00 SU         
zhl548                                 213.28 SU      0.00 SU         
dr8819                                 170.34 KSU     0.00 SU         
pcl900                                 145.72 SU      0.00 SU         
-------------------------------------------------------------        

Storage Usage Report: Project=dp9
=============================================================
Filesystem        Used     iUsed    Allocation    iAllocation    
gdata1a      117.84 TB   34.43 M     270.00 TB        45.00 M        

Stakeholder                         Allocation    iAllocation
-------------------------------------------------------------            
BoM                                  270.00 TB        45.00 M                
-------------------------------------------------------------
            
