
Usage Report: Project=dp9 Period=2020.q3
=============================================================
    Grant:     9.00 MSU
     Used:     5.58 MSU
 Reserved:    97.16 KSU
    Avail:     3.32 MSU

Stakeholder                   Grant         Used        Avail
-------------------------------------------------------------
BoM                        9.00 MSU     5.64 MSU     3.36 MSU
------------------------------------------------------------- 

User                                        Used     Reserved
-------------------------------------------------------------    
ttl548                                  99.81 KSU    13.75 SU     
hhz548                                 564.00 KSU     0.00 SU     
mxk548                                   2.40 MSU     0.00 SU     
iib548                                  40.96 KSU     0.00 SU     
vvk548                                 395.90 KSU    96.77 KSU    
yxm548                                  48.98 SU      0.00 SU     
zxs548                                 140.41 KSU   288.00 SU     
as2291                                  16.19 KSU     0.00 SU     
gsd548                                 196.71 KSU     0.00 SU     
glr548                                 267.55 KSU     0.00 SU     
sjr548                                 471.14 KSU     0.00 SU     
wml548                                 732.24 KSU     0.00 SU     
jtl548                                 194.74 KSU    29.25 SU     
pjs548                                   2.54 KSU     0.00 SU     
mjw548                                  28.30 KSU     0.00 SU     
ixd548                                  33.08 SU      0.00 SU     
bxr548                                   0.93 SU      0.00 SU     
fs5892                                  62.73 SU      0.00 SU     
jrf548                                  96.25 SU      0.00 SU     
xds548                                  88.29 SU     57.52 SU     
dl9118                                  17.01 KSU     0.00 SU     
cnf599                                  19.78 KSU     0.00 SU     
------------------------------------------------------------- 
    
