
Usage Report: Project=dp9 Period=2021.q1
=============================================================
    Grant:    18.00 MSU
     Used:   796.83 KSU
 Reserved:    35.72 KSU
    Avail:    17.17 MSU

Stakeholder                   Grant         Used        Avail
-------------------------------------------------------------
BoM                       18.00 MSU   832.55 KSU    17.17 MSU
------------------------------------------------------------- 

User                                        Used     Reserved
-------------------------------------------------------------    
as2291                                 322.82 SU      0.00 SU     
ixd548                                   7.56 SU      0.00 SU     
ycx548                                  12.55 KSU     0.00 SU     
ttl548                                   7.47 KSU     8.75 SU     
vvk548                                 549.78 KSU    34.56 KSU    
dl9118                                   9.89 KSU     1.15 KSU    
iib548                                   2.74 KSU     0.00 SU     
wml548                                  24.11 SU      0.00 SU     
mxk548                                 213.67 KSU     0.00 SU     
hhz548                                  20.68 SU      0.00 SU     
jtl548                                 355.45 SU      0.00 SU     
------------------------------------------------------------- 
    
