
Usage Report: Project=dp9 Period=2021.q2
=============================================================
    Grant:    18.00 MSU
     Used:    12.32 MSU
 Reserved:     4.45 KSU
    Avail:     5.67 MSU
    
Stakeholder                   Grant         Used        Avail
-------------------------------------------------------------    
BoM                       18.00 MSU    12.33 MSU     5.67 MSU    
------------------------------------------------------------- 
    
User                                        Used     Reserved
-------------------------------------------------------------        
jtl548                                   2.12 MSU     0.00 SU         
dl9118                                 165.58 KSU     0.00 SU         
vvk548                                 545.77 KSU     0.00 SU         
mxk548                                   5.63 MSU     0.00 SU         
glr548                                   1.02 MSU     0.00 SU         
sjr548                                   1.68 MSU     0.00 SU         
ttl548                                  75.46 KSU   224.51 SU         
hhz548                                 266.74 KSU     4.10 KSU        
as2291                                  86.55 KSU   129.00 SU         
iib548                                 338.78 KSU     0.00 SU         
ixd548                                  31.58 SU      0.00 SU         
cnf599                                 114.55 KSU     0.00 SU         
yxm548                                   1.02 KSU     0.00 SU         
wml548                                 264.77 KSU     0.00 SU         
pjs548                                 487.44 SU      0.00 SU         
nwe548                                   2.47 SU      0.00 SU         
ycx548                                   0.01 SU      0.00 SU         
zxs548                                   3.74 KSU     0.00 SU         
jrf548                                  80.20 SU      0.00 SU         
slc548                                   2.12 KSU     0.00 SU         
-------------------------------------------------------------        

Storage Usage Report: Project=dp9
=============================================================
Filesystem        Used     iUsed    Allocation    iAllocation    
gdata1a      103.68 TB   31.57 M     270.00 TB        45.00 M        

Stakeholder                         Allocation    iAllocation
-------------------------------------------------------------            
BoM                                  270.00 TB        45.00 M                
-------------------------------------------------------------
            
