------------------------------------------------------------------------------
         project             user     space used      file size          count
------------------------------------------------------------------------------
          access           mjw548            0kB            5kB              1
          access           ycx548          3.8GB          3.8GB           5016
          access           axs599            0kB          750kB             95
          access           hhz548          4.0kB          3.6kB              1
          access           jtl548         12.4GB         12.4GB           7242
          access           iib548          4.0kB          3.4kB              1
          access           zhl548         44.0kB         33.8kB              3
          access           ixd548        930.0MB        930.0MB              4
          access           sjr548         59.6GB         59.6GB           2571
          access           xds548        280.0kB        230.2kB             26
          access           slc548            0kB            3kB              1
          access           nwe548            0kB           28kB              3
          access           mxk548          2.3TB          2.3TB          13383
          access           fs5892         43.0GB         43.0GB          19438
          access           as2291          3.5GB          3.4GB         104352
          access           dl9118         47.2GB         47.2GB            109
      access.dev           ycx548          9.6MB          9.3MB            168
      access.dev           axs599         12.0kB          850kB             23
      access.dev           mjn548          1.4MB          1.2MB            161
      access.dev           wml548         60.0kB         16.5kB             15
             dp9           mjw548        356.0GB        356.0GB            113
             dp9           mrd599          1.0GB          1.0GB             19
             dp9           cjb548         67.2GB         67.2GB          29980
             dp9           ycx548          9.2TB          9.4TB        3550277
             dp9           yxm548          1.7TB          1.7TB         147106
             dp9           glr548          9.2TB          9.2TB        1888580
             dp9           cnf599          5.8TB          6.3TB         227055
             dp9           ljr548        331.3GB        331.0GB         107830
             dp9           hhz548         16.3TB         19.3TB        1538023
             dp9           zxs548        406.6GB        403.3GB         924048
             dp9           mjn548       1007.3GB        990.8GB        3346164
             dp9           jtl548          5.6TB          5.6TB        3742759
             dp9           iib548          1.5TB          1.5TB        2731150
             dp9           hqz548        151.1GB        151.1GB            287
             dp9           rmb548          4.0kB          4.0kB              1
             dp9           zhl548        342.5GB        342.1GB         160459
             dp9           ixd548          1.6TB          1.6TB         458080
             dp9           wml548          2.6TB          2.6TB         368826
             dp9           bxr548        367.2MB        367.1MB             75
             dp9           ttl548         96.5GB         94.7GB         343619
             dp9           pjs548         41.9GB         41.7GB          98873
             dp9           gsd548          3.1TB          3.1TB         351512
             dp9           sjr548          2.5TB          2.5TB        2540987
             dp9           vvk548          4.3TB          4.3TB        1212526
             dp9           xds548          2.1TB          2.2TB         207658
             dp9           cit548          3.8TB          3.8TB         226034
             dp9           slc548        198.3GB        198.2GB         132735
             dp9           jrf548          2.1TB          2.2TB         333563
             dp9           sss548         65.2GB         66.7GB           5780
             dp9           axs548          7.7GB          7.7GB           2993
             dp9           ffb548         64.0kB         64.0kB             16
             dp9           dhs548          8.0kB          8.0kB              2
             dp9           kkp548        465.3GB        465.3GB            513
             dp9           ijb548          4.0kB          4.0kB              1
             dp9           nwe548         13.6GB         13.7GB          45212
             dp9           chs548        209.1GB        228.1GB          62720
             dp9           mxk548          5.1TB          5.1TB         785036
             dp9           fs5892         11.8TB         13.1TB         442011
             dp9           as2291          1.8TB          1.8TB        1078388
             dp9           jb6931        332.1MB        332.1MB              2
             dp9           bf7468          1.8MB          1.8MB              2
             dp9           dr8819        213.9GB        212.9GB         189479
             dp9           nt4021          4.0kB          4.0kB              1
             du7           ycx548         16.0kB          9.8kB              4
             du7           xds548        424.0kB        170.2kB             70
             du7           chs548         25.4TB         25.6TB         502552
             du7           cst565         94.0MB         93.8MB            113
             dx2           pag548        291.7MB        291.7MB              1
             en0           mjw548          4.0kB          4.0kB              1
             en0           bxr548        204.0kB         89.2kB             25
             er7           gxk548         45.8MB         45.7MB             16
            ma05           chs548          1.9MB          1.7MB            126
             y03           sjr548         21.7MB         21.4MB            185
             ig2           ttl548         51.9GB         51.9GB            411
------------------------------------------------------------------------------
