
Usage Report: Project=dp9 Period=2021.q2
=============================================================
    Grant:    18.00 MSU
     Used:     7.24 MSU
 Reserved:     5.20 KSU
    Avail:    10.76 MSU
    
Stakeholder                   Grant         Used        Avail
-------------------------------------------------------------    
BoM                       18.00 MSU     7.24 MSU    10.76 MSU    
------------------------------------------------------------- 
    
User                                        Used     Reserved
-------------------------------------------------------------        
jtl548                                   1.63 MSU     4.81 KSU        
dl9118                                  38.27 KSU     0.00 SU         
vvk548                                 537.51 KSU     0.00 SU         
mxk548                                   2.33 MSU   159.33 SU         
glr548                                 459.27 KSU     0.00 SU         
sjr548                                   1.68 MSU     9.50 SU         
ttl548                                  26.16 KSU   210.35 SU         
hhz548                                 209.78 KSU     0.00 SU         
as2291                                  16.36 KSU    14.00 SU         
iib548                                 173.11 KSU     0.00 SU         
ixd548                                   5.17 SU      0.00 SU         
cnf599                                   5.21 KSU     0.00 SU         
yxm548                                 824.75 SU      0.00 SU         
wml548                                 138.81 KSU     0.00 SU         
pjs548                                 192.38 SU      0.00 SU         
-------------------------------------------------------------        

Storage Usage Report: Project=dp9
=============================================================
Filesystem        Used     iUsed    Allocation    iAllocation    
gdata1a      118.28 TB   30.28 M     270.00 TB        45.00 M        

Stakeholder                         Allocation    iAllocation
-------------------------------------------------------------            
BoM                                  270.00 TB        45.00 M                
-------------------------------------------------------------
            
