
Usage Report: Project=dp9 Period=2021.q2
=============================================================
    Grant:    18.00 MSU
     Used:     8.44 MSU
 Reserved:    15.58 KSU
    Avail:     9.54 MSU
    
Stakeholder                   Grant         Used        Avail
-------------------------------------------------------------    
BoM                       18.00 MSU     8.46 MSU     9.54 MSU    
------------------------------------------------------------- 
    
User                                        Used     Reserved
-------------------------------------------------------------        
jtl548                                   1.76 MSU     0.00 SU         
dl9118                                 136.03 KSU     0.00 SU         
vvk548                                 540.14 KSU     0.00 SU         
mxk548                                   3.06 MSU     0.00 SU         
glr548                                 537.86 KSU     0.00 SU         
sjr548                                   1.68 MSU     0.00 SU         
ttl548                                  35.10 KSU   209.85 SU         
hhz548                                 209.78 KSU     0.00 SU         
as2291                                  32.47 KSU    14.00 SU         
iib548                                 225.08 KSU     0.00 SU         
ixd548                                   9.88 SU      0.00 SU         
cnf599                                  28.20 KSU    15.36 KSU        
yxm548                                 824.75 SU      0.00 SU         
wml548                                 200.05 KSU     0.00 SU         
pjs548                                 192.38 SU      0.00 SU         
nwe548                                   2.47 SU      0.00 SU         
-------------------------------------------------------------        

Storage Usage Report: Project=dp9
=============================================================
Filesystem        Used     iUsed    Allocation    iAllocation    
gdata1a      128.76 TB   30.26 M     270.00 TB        45.00 M        

Stakeholder                         Allocation    iAllocation
-------------------------------------------------------------            
BoM                                  270.00 TB        45.00 M                
-------------------------------------------------------------
            
