
Usage Report: Project=dp9 Period=2021.q4
=============================================================
    Grant:    16.00 MSU
     Used:     4.55 MSU
 Reserved:     5.04 KSU
    Avail:    11.44 MSU
    
Stakeholder                   Grant         Used        Avail
-------------------------------------------------------------    
BoM                       16.00 MSU     4.56 MSU    11.44 MSU    
------------------------------------------------------------- 
    
User                                        Used     Reserved
-------------------------------------------------------------        
dl9118                                  23.56 KSU     0.00 SU         
vvk548                                 456.41 KSU     0.00 SU         
ttl548                                  23.38 KSU    32.67 SU         
as2291                                  94.66 KSU    14.00 SU         
mjz548                                   2.44 MSU     1.38 KSU        
iib548                                  18.62 KSU     0.00 SU         
glr548                                  10.73 KSU     0.00 SU         
slc548                                 407.75 KSU     3.62 KSU        
pjs548                                 845.02 SU      0.00 SU         
pcl900                                   1.82 KSU     0.00 SU         
sjr548                                 544.94 KSU     0.00 SU         
jtl548                                 103.39 KSU     0.00 SU         
zxs548                                 447.46 SU      0.00 SU         
cnf599                                  37.40 KSU     0.00 SU         
yxm548                                   1.33 KSU     0.00 SU         
chs548                                   2.89 KSU     0.00 SU         
ycx548                                 244.65 SU      0.00 SU         
wml548                                 351.21 KSU     0.00 SU         
hhz548                                 276.14 SU      0.00 SU         
cst565                                   0.12 SU      0.00 SU         
mxk548                                  34.38 KSU     0.00 SU         
rad548                                  14.16 SU      0.00 SU         
ixd548                                   9.77 SU      0.00 SU         
-------------------------------------------------------------        

Storage Usage Report: Project=dp9
=============================================================
Filesystem        Used     iUsed    Allocation    iAllocation    
gdata1a      174.89 TB   34.68 M     270.00 TB        45.00 M        

Stakeholder                         Allocation    iAllocation
-------------------------------------------------------------            
BoM                                  270.00 TB        45.00 M                
-------------------------------------------------------------
            
