
Usage Report: Project=dp9 Period=2021.q3
=============================================================
    Grant:    16.00 MSU
     Used:     5.22 MSU
 Reserved:     8.52 KSU
    Avail:    10.77 MSU
    
Stakeholder                   Grant         Used        Avail
-------------------------------------------------------------    
BoM                       16.00 MSU     5.23 MSU    10.77 MSU    
------------------------------------------------------------- 
    
User                                        Used     Reserved
-------------------------------------------------------------        
iib548                                  30.94 KSU     0.00 SU         
as2291                                  76.38 KSU    63.00 SU         
zxs548                                   3.08 KSU     0.00 SU         
ttl548                                  33.07 KSU   222.01 SU         
jtl548                                 219.02 KSU    40.67 SU         
glr548                                  73.39 KSU     0.00 SU         
sjr548                                   2.79 MSU     1.54 KSU        
vvk548                                 633.25 KSU     0.00 SU         
dl9118                                   3.32 KSU     0.00 SU         
mxk548                                   1.31 MSU     2.69 KSU        
ycx548                                   7.50 KSU     0.00 SU         
slc548                                  33.21 SU      0.00 SU         
ixd548                                  30.70 SU      0.00 SU         
hhz548                                  44.40 KSU     3.97 KSU        
jrf548                                  19.81 SU      0.00 SU         
rad548                                  24.17 SU      0.00 SU         
cnf599                                 288.72 SU      0.00 SU         
jxh903                                   0.02 SU      0.00 SU         
yxm548                                  56.83 SU      0.00 SU         
cst565                                 191.71 SU      0.00 SU         
pjs548                                 336.09 SU      0.00 SU         
crd548                                 110.57 SU      0.00 SU         
wml548                                 136.10 SU      0.00 SU         
-------------------------------------------------------------        

Storage Usage Report: Project=dp9
=============================================================
Filesystem        Used     iUsed    Allocation    iAllocation    
gdata1a      111.04 TB   33.01 M     270.00 TB        45.00 M        

Stakeholder                         Allocation    iAllocation
-------------------------------------------------------------            
BoM                                  270.00 TB        45.00 M                
-------------------------------------------------------------
            
