
Usage Report: Project=dp9 Period=2021.q1
=============================================================
    Grant:    18.00 MSU
     Used:     8.97 MSU
 Reserved:    20.90 KSU
    Avail:     9.01 MSU

Stakeholder                   Grant         Used        Avail
-------------------------------------------------------------
BoM                       18.00 MSU     9.00 MSU     9.00 MSU
------------------------------------------------------------- 

User                                        Used     Reserved
-------------------------------------------------------------    
as2291                                  33.73 KSU    16.13 SU     
ixd548                                  30.96 SU      0.00 SU     
ycx548                                  15.58 KSU     0.00 SU     
ttl548                                  52.44 KSU     8.75 SU     
vvk548                                   1.58 MSU     0.00 SU     
dl9118                                 107.63 KSU     0.00 SU     
iib548                                 397.77 KSU     0.00 SU     
wml548                                  32.31 SU      0.00 SU     
mxk548                                   4.38 MSU    12.50 SU     
hhz548                                 278.97 KSU     0.00 SU     
jtl548                                 342.07 KSU     0.00 SU     
sjr548                                 387.99 KSU     0.00 SU     
gl7525                                   5.02 SU      0.00 SU     
zhl548                                  40.85 KSU     0.00 SU     
fs5892                                  19.09 SU      0.00 SU     
glr548                                   1.33 MSU    20.86 KSU    
zxs548                                 193.41 SU      0.00 SU     
cnf599                                   2.76 KSU     0.00 SU     
jrf548                                  77.97 SU      0.00 SU     
sb0446                                  21.43 KSU     0.00 SU     
dr8819                                   0.46 SU      0.00 SU     
yxm548                                 314.92 SU      0.00 SU     
slc548                                  62.10 SU      0.00 SU     
------------------------------------------------------------- 
    
