
Usage Report: Project=dp9 Period=2020.q4
=============================================================
    Grant:     9.00 MSU
     Used:     3.05 MSU
 Reserved:    38.57 KSU
    Avail:     5.91 MSU

Stakeholder                   Grant         Used        Avail
-------------------------------------------------------------
BoM                        9.00 MSU     3.09 MSU     5.91 MSU
------------------------------------------------------------- 

User                                        Used     Reserved
-------------------------------------------------------------    
vvk548                                 600.97 KSU    17.28 KSU    
zxs548                                  40.61 KSU     0.00 SU     
ttl548                                  10.95 KSU    13.25 SU     
jtl548                                   1.37 MSU     0.00 SU     
as2291                                   5.41 KSU     6.33 SU     
mxk548                                 732.13 KSU     1.15 KSU    
dl9118                                  40.07 KSU     2.72 KSU    
fs5892                                   7.36 KSU     0.00 SU     
glr548                                  47.63 KSU     0.00 SU     
iib548                                  83.19 KSU    17.26 KSU    
pjs548                                 594.79 SU      0.00 SU     
sjr548                                  72.04 KSU    39.33 SU     
gsd548                                  31.39 KSU     0.00 SU     
ixd548                                   7.31 SU      0.00 SU     
wml548                                   3.24 KSU   100.00 SU     
mjw548                                   4.52 KSU     0.00 SU     
jrf548                                  13.95 SU      0.00 SU     
------------------------------------------------------------- 
    
