
Usage Report: Project=dp9 Period=2021.q3
=============================================================
    Grant:     9.00 MSU
     Used:     1.92 MSU
 Reserved:     1.79 KSU
    Avail:     7.08 MSU
    
Stakeholder                   Grant         Used        Avail
-------------------------------------------------------------    
BoM                        9.00 MSU     1.92 MSU     7.08 MSU    
------------------------------------------------------------- 
    
User                                        Used     Reserved
-------------------------------------------------------------        
iib548                                   1.96 KSU     0.00 SU         
as2291                                  13.44 KSU     5.40 SU         
zxs548                                   2.29 KSU     0.00 SU         
ttl548                                   9.44 KSU   241.34 SU         
jtl548                                 148.76 KSU     0.00 SU         
glr548                                  25.76 KSU     0.00 SU         
sjr548                                 815.76 KSU     1.54 KSU        
vvk548                                 610.91 KSU     0.00 SU         
dl9118                                 534.96 SU      0.00 SU         
mxk548                                 292.55 KSU     0.00 SU         
ycx548                                  41.51 SU      0.00 SU         
slc548                                  33.21 SU      0.00 SU         
ixd548                                   6.47 SU      0.00 SU         
hhz548                                 185.01 SU      0.00 SU         
jrf548                                  19.81 SU      0.00 SU         
rad548                                  23.82 SU      0.00 SU         
-------------------------------------------------------------        

Storage Usage Report: Project=dp9
=============================================================
Filesystem        Used     iUsed    Allocation    iAllocation    
gdata1a      106.47 TB   31.86 M     270.00 TB        45.00 M        

Stakeholder                         Allocation    iAllocation
-------------------------------------------------------------            
BoM                                  270.00 TB        45.00 M                
-------------------------------------------------------------
            
