
Usage Report: Project=dp9 Period=2020.q3
=============================================================
    Grant:     9.00 MSU
     Used:    51.57 KSU
 Reserved:     4.63 KSU
    Avail:     8.94 MSU

Stakeholder                   Grant         Used        Avail
-------------------------------------------------------------
BoM                        9.00 MSU    14.18 KSU     8.99 MSU
------------------------------------------------------------- 

User                                        Used     Reserved
-------------------------------------------------------------    
ttl548                                 587.25 SU     22.75 SU     
hhz548                                  42.66 KSU     4.61 KSU    
mxk548                                   7.79 KSU     0.00 SU     
iib548                                 529.52 SU      0.00 SU     
vvk548                                   0.58 SU      0.00 SU     
yxm548                                   0.37 SU      0.00 SU     
------------------------------------------------------------- 
    
