
Usage Report: Project=dp9 Period=2020.q2
=============================================================
    Grant:     6.00 MSU
     Used:   280.45 KSU
 Reserved:   435.75 SU 
    Avail:     5.72 MSU

Stakeholder                   Grant         Used        Avail
-------------------------------------------------------------
BoM                        6.00 MSU   280.89 KSU     5.72 MSU
------------------------------------------------------------- 

User                                        Used     Reserved
-------------------------------------------------------------    
gsd548                                  13.14 KSU     0.00 SU     
sjr548                                 112.25 KSU   416.00 SU     
ttl548                                  19.60 KSU    19.75 SU     
zxs548                                  14.77 KSU     0.00 SU     
mxk548                                 104.83 KSU     0.00 SU     
zhl548                                   2.47 KSU     0.00 SU     
vvk548                                   2.32 KSU     0.00 SU     
ixd548                                   6.19 SU      0.00 SU     
mjw548                                  66.18 SU      0.00 SU     
jtl548                                   1.19 KSU     0.00 SU     
as2291                                 392.80 SU      0.00 SU     
cjb548                                   0.01 SU      0.00 SU     
iib548                                   8.41 KSU     0.00 SU     
yxm548                                  25.80 SU      0.00 SU     
cnf599                                 985.23 SU      0.00 SU     
glr548                                   0.15 SU      0.00 SU     
------------------------------------------------------------- 
    
