
Usage Report: Project=dp9 Period=2020.q2
=============================================================
    Grant:     6.00 MSU
     Used:     4.58 MSU
 Reserved:     2.37 KSU
    Avail:     1.42 MSU

Stakeholder                   Grant         Used        Avail
-------------------------------------------------------------
BoM                        6.00 MSU     4.58 MSU     1.42 MSU
------------------------------------------------------------- 

User                                        Used     Reserved
-------------------------------------------------------------    
gsd548                                 123.73 KSU     0.00 SU     
sjr548                                 851.23 KSU     0.00 SU     
ttl548                                  89.91 KSU    55.00 SU     
zxs548                                 239.13 KSU     0.00 SU     
mxk548                                   1.20 MSU     2.31 KSU    
zhl548                                  12.36 KSU     0.00 SU     
vvk548                                  18.46 KSU     0.00 SU     
ixd548                                 793.96 SU      0.00 SU     
mjw548                                   5.11 KSU     0.00 SU     
jtl548                                   5.12 KSU     0.00 SU     
as2291                                   7.42 KSU     0.00 SU     
cjb548                                   0.01 SU      0.00 SU     
iib548                                   1.08 MSU     0.00 SU     
yxm548                                 149.41 SU      0.00 SU     
cnf599                                  12.47 KSU     0.00 SU     
glr548                                 197.30 KSU     0.00 SU     
hhz548                                  33.76 KSU     0.00 SU     
chs548                                   1.06 SU      0.00 SU     
nwe548                                 118.84 SU      0.00 SU     
cit548                                   1.32 KSU     0.00 SU     
mrd599                                   0.21 SU      0.00 SU     
fs5892                                 157.12 SU      0.00 SU     
wml548                                 702.82 KSU     0.00 SU     
pjs548                                   0.02 SU      0.00 SU     
xds548                                   1.10 KSU     0.00 SU     
mjn548                                   0.78 SU      0.00 SU     
------------------------------------------------------------- 
    
