
Usage Report: Project=dp9 Period=2021.q1
=============================================================
    Grant:    18.00 MSU
     Used:     5.00 MSU
 Reserved:    18.68 KSU
    Avail:    12.98 MSU

Stakeholder                   Grant         Used        Avail
-------------------------------------------------------------
BoM                       18.00 MSU     5.02 MSU    12.98 MSU
------------------------------------------------------------- 

User                                        Used     Reserved
-------------------------------------------------------------    
as2291                                  17.32 KSU     0.00 SU     
ixd548                                  19.73 SU      0.00 SU     
ycx548                                  15.55 KSU     0.00 SU     
ttl548                                  28.52 KSU   113.74 SU     
vvk548                                   1.57 MSU     0.00 SU     
dl9118                                  74.46 KSU     0.00 SU     
iib548                                 125.24 KSU     0.00 SU     
wml548                                  24.11 SU      0.00 SU     
mxk548                                   2.08 MSU     4.62 KSU    
hhz548                                  71.04 KSU     0.00 SU     
jtl548                                  64.93 KSU     1.15 KSU    
sjr548                                  55.48 KSU     1.54 KSU    
gl7525                                   5.02 SU      0.00 SU     
zhl548                                  13.80 KSU     0.00 SU     
fs5892                                  19.09 SU      0.00 SU     
glr548                                 884.01 KSU    11.26 KSU    
zxs548                                 161.06 SU      0.00 SU     
cnf599                                   2.76 KSU     0.00 SU     
jrf548                                  77.97 SU      0.00 SU     
sb0446                                   7.22 KSU     0.00 SU     
------------------------------------------------------------- 
    
