
Usage Report: Project=dp9 Period=2020.q3
=============================================================
    Grant:     9.00 MSU
     Used:     2.96 MSU
 Reserved:   631.00 SU 
    Avail:     6.04 MSU

Stakeholder                   Grant         Used        Avail
-------------------------------------------------------------
BoM                        9.00 MSU     2.92 MSU     6.08 MSU
------------------------------------------------------------- 

User                                        Used     Reserved
-------------------------------------------------------------    
ttl548                                  66.29 KSU    55.00 SU     
hhz548                                 564.00 KSU     0.00 SU     
mxk548                                   1.06 MSU     0.00 SU     
iib548                                  23.26 KSU     0.00 SU     
vvk548                                 170.14 KSU     0.00 SU     
yxm548                                  48.98 SU      0.00 SU     
zxs548                                  24.46 KSU     0.00 SU     
as2291                                   3.83 KSU     0.00 SU     
gsd548                                 127.71 KSU     0.00 SU     
glr548                                 126.12 KSU     0.00 SU     
sjr548                                 236.93 KSU   576.00 SU     
wml548                                 457.95 KSU     0.00 SU     
jtl548                                  97.03 KSU     0.00 SU     
pjs548                                   2.09 KSU     0.00 SU     
mjw548                                   9.18 SU      0.00 SU     
ixd548                                  22.53 SU      0.00 SU     
bxr548                                   0.93 SU      0.00 SU     
fs5892                                  62.73 SU      0.00 SU     
jrf548                                  96.25 SU      0.00 SU     
xds548                                  16.16 SU      0.00 SU     
------------------------------------------------------------- 
    
