
Usage Report: Project=dp9 Period=2020.q3
=============================================================
    Grant:     9.00 MSU
     Used:     5.76 MSU
 Reserved:    55.00 SU 
    Avail:     3.24 MSU

Stakeholder                   Grant         Used        Avail
-------------------------------------------------------------
BoM                        9.00 MSU     5.71 MSU     3.29 MSU
------------------------------------------------------------- 

User                                        Used     Reserved
-------------------------------------------------------------    
ttl548                                 100.92 KSU    55.00 SU     
hhz548                                 564.00 KSU     0.00 SU     
mxk548                                   2.44 MSU     0.00 SU     
iib548                                  42.16 KSU     0.00 SU     
vvk548                                 458.39 KSU     0.00 SU     
yxm548                                  48.98 SU      0.00 SU     
zxs548                                 143.51 KSU     0.00 SU     
as2291                                  16.24 KSU     0.00 SU     
gsd548                                 202.32 KSU     0.00 SU     
glr548                                 272.39 KSU     0.00 SU     
sjr548                                 488.80 KSU     0.00 SU     
wml548                                 732.24 KSU     0.00 SU     
jtl548                                 223.50 KSU     0.00 SU     
pjs548                                   2.54 KSU     0.00 SU     
mjw548                                  28.30 KSU     0.00 SU     
ixd548                                  33.08 SU      0.00 SU     
bxr548                                   0.93 SU      0.00 SU     
fs5892                                  62.73 SU      0.00 SU     
jrf548                                  96.25 SU      0.00 SU     
xds548                                 492.86 SU      0.00 SU     
dl9118                                  17.01 KSU     0.00 SU     
cnf599                                  19.78 KSU     0.00 SU     
------------------------------------------------------------- 
    
