
Usage Report: Project=dp9 Period=2021.q1
=============================================================
    Grant:    18.00 MSU
     Used:    12.48 MSU
 Reserved:    45.97 KSU
    Avail:     5.47 MSU

Stakeholder                   Grant         Used        Avail
-------------------------------------------------------------
BoM                       18.00 MSU    12.53 MSU     5.47 MSU
------------------------------------------------------------- 

User                                        Used     Reserved
-------------------------------------------------------------    
as2291                                  37.72 KSU     7.13 SU     
ixd548                                  40.94 SU      0.00 SU     
ycx548                                  15.58 KSU     0.00 SU     
ttl548                                  67.58 KSU     8.75 SU     
vvk548                                   1.76 MSU    41.47 KSU    
dl9118                                 176.15 KSU     1.73 KSU    
iib548                                 516.93 KSU     0.00 SU     
wml548                                  32.31 SU      0.00 SU     
mxk548                                   5.89 MSU     1.20 KSU    
hhz548                                 453.48 KSU     0.00 SU     
jtl548                                 838.81 KSU   399.80 SU     
sjr548                                 712.66 KSU     1.15 KSU    
gl7525                                   5.02 SU      0.00 SU     
zhl548                                  52.78 KSU     0.00 SU     
fs5892                                  16.59 KSU     0.00 SU     
glr548                                   1.92 MSU     0.00 SU     
zxs548                                 205.21 SU      0.00 SU     
cnf599                                   4.80 KSU     0.00 SU     
jrf548                                  77.97 SU      0.00 SU     
sb0446                                  21.43 KSU     0.00 SU     
dr8819                                   0.46 SU      0.00 SU     
yxm548                                 314.92 SU      0.00 SU     
slc548                                  62.10 SU      0.00 SU     
mxz548                                   0.04 SU      0.00 SU     
------------------------------------------------------------- 
    
