
Usage Report: Project=dp9 Period=2021.q1
=============================================================
    Grant:    18.00 MSU
     Used:     1.99 MSU
 Reserved:     4.73 KSU
    Avail:    16.01 MSU

Stakeholder                   Grant         Used        Avail
-------------------------------------------------------------
BoM                       18.00 MSU     1.99 MSU    16.01 MSU
------------------------------------------------------------- 

User                                        Used     Reserved
-------------------------------------------------------------    
as2291                                   1.81 KSU    21.47 SU     
ixd548                                  11.31 SU      0.00 SU     
ycx548                                  15.55 KSU     0.00 SU     
ttl548                                  11.59 KSU    98.75 SU     
vvk548                                   1.56 MSU     0.00 SU     
dl9118                                  17.57 KSU     0.00 SU     
iib548                                  54.35 KSU     0.00 SU     
wml548                                  24.11 SU      0.00 SU     
mxk548                                 323.73 KSU     4.61 KSU    
hhz548                                 345.84 SU      0.00 SU     
jtl548                                   1.99 KSU     0.00 SU     
sjr548                                  25.31 SU      0.00 SU     
gl7525                                   5.02 SU      0.00 SU     
zhl548                                   0.00 SU      0.00 SU     
fs5892                                   0.57 SU      0.00 SU     
glr548                                   7.68 SU      0.00 SU     
------------------------------------------------------------- 
    
