
Usage Report: Project=dp9 Period=2020.q2
=============================================================
    Grant:     8.00 MSU
     Used:     6.75 MSU
 Reserved:     4.66 KSU
    Avail:     1.24 MSU

Stakeholder                   Grant         Used        Avail
-------------------------------------------------------------
BoM                        8.00 MSU     6.76 MSU     1.24 MSU
------------------------------------------------------------- 

User                                        Used     Reserved
-------------------------------------------------------------    
gsd548                                 155.44 KSU     0.00 SU     
sjr548                                   1.02 MSU     0.00 SU     
ttl548                                 106.86 KSU    55.00 SU     
zxs548                                 324.61 KSU     0.00 SU     
mxk548                                   1.65 MSU     0.00 SU     
zhl548                                  12.36 KSU     0.00 SU     
vvk548                                  20.64 KSU     0.00 SU     
ixd548                                 800.42 SU      0.00 SU     
mjw548                                   5.14 KSU     0.00 SU     
jtl548                                   6.71 KSU     0.00 SU     
as2291                                   8.26 KSU     0.00 SU     
cjb548                                   0.01 SU      0.00 SU     
iib548                                   1.12 MSU     0.00 SU     
yxm548                                 394.06 SU      0.00 SU     
cnf599                                  12.47 KSU     0.00 SU     
glr548                                 230.23 KSU     0.00 SU     
hhz548                                 311.59 KSU     4.61 KSU    
chs548                                   1.06 SU      0.00 SU     
nwe548                                 118.84 SU      0.00 SU     
cit548                                   1.42 KSU     0.00 SU     
mrd599                                   0.21 SU      0.00 SU     
fs5892                                 299.35 SU      0.00 SU     
wml548                                   1.77 MSU     0.00 SU     
pjs548                                 409.21 SU      0.00 SU     
xds548                                   1.10 KSU     0.00 SU     
mjn548                                   0.78 SU      0.00 SU     
------------------------------------------------------------- 
    
