
Usage Report: Project=dp9 Period=2021.q1
=============================================================
    Grant:    18.00 MSU
     Used:     4.75 MSU
 Reserved:   126.24 SU 
    Avail:    13.25 MSU

Stakeholder                   Grant         Used        Avail
-------------------------------------------------------------
BoM                       18.00 MSU     4.75 MSU    13.25 MSU
------------------------------------------------------------- 

User                                        Used     Reserved
-------------------------------------------------------------    
as2291                                  16.41 KSU     0.00 SU     
ixd548                                  19.73 SU      0.00 SU     
ycx548                                  15.55 KSU     0.00 SU     
ttl548                                  26.91 KSU   113.74 SU     
vvk548                                   1.56 MSU     0.00 SU     
dl9118                                  73.87 KSU     0.00 SU     
iib548                                 125.10 KSU     0.00 SU     
wml548                                  24.11 SU      0.00 SU     
mxk548                                   1.96 MSU    12.50 SU     
hhz548                                  64.03 KSU     0.00 SU     
jtl548                                  34.34 KSU     0.00 SU     
sjr548                                  23.07 KSU     0.00 SU     
gl7525                                   5.02 SU      0.00 SU     
zhl548                                   6.60 KSU     0.00 SU     
fs5892                                   0.57 SU      0.00 SU     
glr548                                 823.56 KSU     0.00 SU     
zxs548                                 161.06 SU      0.00 SU     
cnf599                                   2.76 KSU     0.00 SU     
jrf548                                  77.97 SU      0.00 SU     
sb0446                                   7.22 KSU     0.00 SU     
------------------------------------------------------------- 
    
