
Usage Report: Project=dp9 Period=2020.q3
=============================================================
    Grant:     9.00 MSU
     Used:     1.63 MSU
 Reserved:    10.38 KSU
    Avail:     7.36 MSU

Stakeholder                   Grant         Used        Avail
-------------------------------------------------------------
BoM                        9.00 MSU     1.60 MSU     7.40 MSU
------------------------------------------------------------- 

User                                        Used     Reserved
-------------------------------------------------------------    
ttl548                                  27.27 KSU    13.75 SU     
hhz548                                 394.32 KSU     2.30 KSU    
mxk548                                 710.13 KSU     0.00 SU     
iib548                                   2.81 KSU     0.00 SU     
vvk548                                   2.17 KSU     0.00 SU     
yxm548                                  43.30 SU      0.00 SU     
zxs548                                  18.82 KSU     0.00 SU     
as2291                                   2.13 KSU     0.00 SU     
gsd548                                  71.50 KSU     8.06 KSU    
glr548                                  85.78 KSU     0.00 SU     
sjr548                                  18.94 KSU     0.00 SU     
wml548                                 298.25 KSU     0.00 SU     
jtl548                                   1.17 KSU     0.00 SU     
pjs548                                 813.27 SU      0.00 SU     
mjw548                                   9.18 SU      0.00 SU     
ixd548                                   8.52 SU      0.00 SU     
------------------------------------------------------------- 
    
