
Usage Report: Project=dp9 Period=2020.q3
=============================================================
    Grant:     9.00 MSU
     Used:   693.07 KSU
 Reserved:    13.75 SU 
    Avail:     8.31 MSU

Stakeholder                   Grant         Used        Avail
-------------------------------------------------------------
BoM                        9.00 MSU   651.06 KSU     8.35 MSU
------------------------------------------------------------- 

User                                        Used     Reserved
-------------------------------------------------------------    
ttl548                                  16.11 KSU    13.75 SU     
hhz548                                 309.42 KSU     0.00 SU     
mxk548                                  71.04 KSU     0.00 SU     
iib548                                   2.81 KSU     0.00 SU     
vvk548                                   1.93 KSU     0.00 SU     
yxm548                                  31.62 SU      0.00 SU     
zxs548                                  13.36 KSU     0.00 SU     
as2291                                 212.72 SU      0.00 SU     
gsd548                                  34.28 KSU     0.00 SU     
glr548                                  77.75 KSU     0.00 SU     
sjr548                                   5.73 KSU     0.00 SU     
wml548                                 158.77 KSU     0.00 SU     
jtl548                                   1.10 KSU     0.00 SU     
pjs548                                 518.66 SU      0.00 SU     
mjw548                                   9.18 SU      0.00 SU     
ixd548                                   6.64 SU      0.00 SU     
------------------------------------------------------------- 
    
