
Usage Report: Project=dp9 Period=2021.q2
=============================================================
    Grant:    18.00 MSU
     Used:     1.71 MSU
 Reserved:    40.16 KSU
    Avail:    16.25 MSU

Stakeholder                   Grant         Used        Avail
-------------------------------------------------------------
BoM                       18.00 MSU     1.75 MSU    16.25 MSU
------------------------------------------------------------- 

User                                        Used     Reserved
-------------------------------------------------------------    
jtl548                                 455.94 KSU     3.86 KSU    
dl9118                                   2.75 KSU     1.73 KSU    
vvk548                                 286.94 KSU    34.56 KSU    
mxk548                                 293.71 KSU     0.00 SU     
glr548                                  97.88 KSU     0.00 SU     
sjr548                                 452.61 KSU     0.00 SU     
ttl548                                   3.59 KSU     8.75 SU     
hhz548                                 100.82 KSU     0.00 SU     
as2291                                   2.37 KSU     5.50 SU     
iib548                                  17.61 KSU     0.00 SU     
------------------------------------------------------------- 
    
