
Usage Report: Project=dp9 Period=2020.q3
=============================================================
    Grant:     9.00 MSU
     Used:     5.47 MSU
 Reserved:    58.00 SU 
    Avail:     3.53 MSU

Stakeholder                   Grant         Used        Avail
-------------------------------------------------------------
BoM                        9.00 MSU     5.42 MSU     3.58 MSU
------------------------------------------------------------- 

User                                        Used     Reserved
-------------------------------------------------------------    
ttl548                                  98.70 KSU    58.00 SU     
hhz548                                 564.00 KSU     0.00 SU     
mxk548                                   2.37 MSU     0.00 SU     
iib548                                  40.96 KSU     0.00 SU     
vvk548                                 351.05 KSU     0.00 SU     
yxm548                                  48.98 SU      0.00 SU     
zxs548                                 131.68 KSU     0.00 SU     
as2291                                  16.13 KSU     0.00 SU     
gsd548                                 190.35 KSU     0.00 SU     
glr548                                 263.07 KSU     0.00 SU     
sjr548                                 458.45 KSU     0.00 SU     
wml548                                 732.24 KSU     0.00 SU     
jtl548                                 180.00 KSU     0.00 SU     
pjs548                                   2.29 KSU     0.00 SU     
mjw548                                  28.30 KSU     0.00 SU     
ixd548                                  33.08 SU      0.00 SU     
bxr548                                   0.93 SU      0.00 SU     
fs5892                                  62.73 SU      0.00 SU     
jrf548                                  96.25 SU      0.00 SU     
xds548                                  71.93 SU      0.00 SU     
dl9118                                  15.51 KSU     0.00 SU     
cnf599                                  19.78 KSU     0.00 SU     
------------------------------------------------------------- 
    
