
Usage Report: Project=dp9 Period=2021.q2
=============================================================
    Grant:    18.00 MSU
     Used:    11.47 MSU
 Reserved:     5.84 KSU
    Avail:     6.52 MSU
    
Stakeholder                   Grant         Used        Avail
-------------------------------------------------------------    
BoM                       18.00 MSU    11.48 MSU     6.52 MSU    
------------------------------------------------------------- 
    
User                                        Used     Reserved
-------------------------------------------------------------        
jtl548                                   2.12 MSU     0.00 SU         
dl9118                                 159.31 KSU     0.00 SU         
vvk548                                 545.42 KSU     0.00 SU         
mxk548                                   5.05 MSU     5.76 KSU        
glr548                                 844.86 KSU     0.00 SU         
sjr548                                   1.68 MSU     0.00 SU         
ttl548                                  61.94 KSU    41.09 SU         
hhz548                                 247.27 KSU     0.00 SU         
as2291                                  69.15 KSU    37.25 SU         
iib548                                 326.08 KSU     0.00 SU         
ixd548                                  21.34 SU      0.00 SU         
cnf599                                 103.32 KSU     0.00 SU         
yxm548                                   1.02 KSU     0.00 SU         
wml548                                 262.79 KSU     0.00 SU         
pjs548                                 487.44 SU      0.00 SU         
nwe548                                   2.47 SU      0.00 SU         
ycx548                                   0.01 SU      0.00 SU         
zxs548                                   2.45 KSU     0.00 SU         
jrf548                                  59.16 SU      0.00 SU         
-------------------------------------------------------------        

Storage Usage Report: Project=dp9
=============================================================
Filesystem        Used     iUsed    Allocation    iAllocation    
gdata1a       98.87 TB   30.95 M     270.00 TB        45.00 M        

Stakeholder                         Allocation    iAllocation
-------------------------------------------------------------            
BoM                                  270.00 TB        45.00 M                
-------------------------------------------------------------
            
