
Usage Report: Project=dp9 Period=2020.q3
=============================================================
    Grant:     9.00 MSU
     Used:     3.72 MSU
 Reserved:    55.00 SU 
    Avail:     5.28 MSU

Stakeholder                   Grant         Used        Avail
-------------------------------------------------------------
BoM                        9.00 MSU     3.68 MSU     5.32 MSU
------------------------------------------------------------- 

User                                        Used     Reserved
-------------------------------------------------------------    
ttl548                                  83.35 KSU    55.00 SU     
hhz548                                 564.00 KSU     0.00 SU     
mxk548                                   1.08 MSU     0.00 SU     
iib548                                  31.11 KSU     0.00 SU     
vvk548                                 351.05 KSU     0.00 SU     
yxm548                                  48.98 SU      0.00 SU     
zxs548                                  85.81 KSU     0.00 SU     
as2291                                  13.38 KSU     0.00 SU     
gsd548                                 164.18 KSU     0.00 SU     
glr548                                 204.54 KSU     0.00 SU     
sjr548                                 370.34 KSU     0.00 SU     
wml548                                 640.42 KSU     0.00 SU     
jtl548                                 101.22 KSU     0.00 SU     
pjs548                                   2.21 KSU     0.00 SU     
mjw548                                  24.29 KSU     0.00 SU     
ixd548                                  27.81 SU      0.00 SU     
bxr548                                   0.93 SU      0.00 SU     
fs5892                                  62.73 SU      0.00 SU     
jrf548                                  96.25 SU      0.00 SU     
xds548                                  16.16 SU      0.00 SU     
dl9118                                 807.79 SU      0.00 SU     
cnf599                                   2.79 KSU     0.00 SU     
------------------------------------------------------------- 
    
