
Usage Report: Project=dp9 Period=2020.q4
=============================================================
    Grant:     9.00 MSU
     Used:     2.48 MSU
 Reserved:    37.48 KSU
    Avail:     6.48 MSU

Stakeholder                   Grant         Used        Avail
-------------------------------------------------------------
BoM                        9.00 MSU     2.52 MSU     6.48 MSU
------------------------------------------------------------- 

User                                        Used     Reserved
-------------------------------------------------------------    
vvk548                                 428.95 KSU    25.92 KSU    
zxs548                                  40.61 KSU     0.00 SU     
ttl548                                   9.51 KSU     8.75 SU     
jtl548                                   1.31 MSU     5.89 KSU    
as2291                                   4.44 KSU     0.67 SU     
mxk548                                 569.33 KSU    16.00 SU     
dl9118                                  14.11 KSU     0.00 SU     
fs5892                                   4.86 KSU     0.00 SU     
glr548                                  27.16 KSU     4.80 KSU    
iib548                                  38.10 KSU     0.00 SU     
pjs548                                 131.66 SU      0.00 SU     
sjr548                                  10.33 KSU   843.00 SU     
gsd548                                  18.91 KSU     0.00 SU     
ixd548                                   6.53 SU      0.00 SU     
wml548                                  22.61 SU      0.00 SU     
mjw548                                   4.52 KSU     0.00 SU     
jrf548                                  13.95 SU      0.00 SU     
------------------------------------------------------------- 
    
