
Usage Report: Project=dp9 Period=2020.q2
=============================================================
    Grant:     6.00 MSU
     Used:     1.46 MSU
 Reserved:     3.62 KSU
    Avail:     4.54 MSU

Stakeholder                   Grant         Used        Avail
-------------------------------------------------------------
BoM                        6.00 MSU     1.46 MSU     4.54 MSU
------------------------------------------------------------- 

User                                        Used     Reserved
-------------------------------------------------------------    
gsd548                                  42.98 KSU     0.00 SU     
sjr548                                 668.40 KSU     3.18 KSU    
ttl548                                  57.99 KSU    55.00 SU     
zxs548                                  88.64 KSU     0.00 SU     
mxk548                                 224.61 KSU     0.00 SU     
zhl548                                  10.95 KSU     0.00 SU     
vvk548                                   9.63 KSU   384.00 SU     
ixd548                                  15.70 SU      0.00 SU     
mjw548                                 254.40 SU      0.00 SU     
jtl548                                   2.64 KSU     0.00 SU     
as2291                                   1.41 KSU     0.00 SU     
cjb548                                   0.01 SU      0.00 SU     
iib548                                 240.24 KSU     0.00 SU     
yxm548                                  51.02 SU      0.00 SU     
cnf599                                  12.47 KSU     0.00 SU     
glr548                                  98.92 KSU     0.00 SU     
hhz548                                  19.58 SU      0.00 SU     
chs548                                   1.06 SU      0.00 SU     
nwe548                                 118.84 SU      0.00 SU     
cit548                                 892.39 SU      0.00 SU     
------------------------------------------------------------- 
    
