
Usage Report: Project=dp9 Period=2020.q2
=============================================================
    Grant:     6.00 MSU
     Used:   119.32 KSU
 Reserved:    14.17 KSU
    Avail:     5.87 MSU

Stakeholder                   Grant         Used        Avail
-------------------------------------------------------------
BoM                        6.00 MSU   133.49 KSU     5.87 MSU
------------------------------------------------------------- 

User                                        Used     Reserved
-------------------------------------------------------------    
gsd548                                   7.13 KSU     0.00 SU     
sjr548                                  20.84 KSU     0.00 SU     
ttl548                                   8.70 KSU    62.33 SU     
zxs548                                   5.74 KSU     0.00 SU     
mxk548                                  75.24 KSU    14.11 KSU    
zhl548                                   1.03 SU      0.00 SU     
vvk548                                 411.15 SU      0.00 SU     
ixd548                                   3.97 SU      0.00 SU     
mjw548                                  44.16 SU      0.00 SU     
jtl548                                   1.15 KSU     0.00 SU     
as2291                                  72.99 SU      0.00 SU     
cjb548                                   0.01 SU      0.00 SU     
------------------------------------------------------------- 
    
