
Usage Report: Project=dp9 Period=2020.q2
=============================================================
    Grant:     6.00 MSU
     Used:     2.61 MSU
 Reserved:     1.74 KSU
    Avail:     3.39 MSU

Stakeholder                   Grant         Used        Avail
-------------------------------------------------------------
BoM                        6.00 MSU     2.61 MSU     3.39 MSU
------------------------------------------------------------- 

User                                        Used     Reserved
-------------------------------------------------------------    
gsd548                                  78.50 KSU     0.00 SU     
sjr548                                 850.72 KSU     0.00 SU     
ttl548                                  72.58 KSU    27.50 SU     
zxs548                                 163.22 KSU     0.00 SU     
mxk548                                 497.50 KSU     1.54 KSU    
zhl548                                  10.95 KSU     0.00 SU     
vvk548                                  16.83 KSU     0.00 SU     
ixd548                                 258.87 SU      0.00 SU     
mjw548                                   4.64 KSU     0.00 SU     
jtl548                                   3.90 KSU     0.00 SU     
as2291                                   6.50 KSU     0.00 SU     
cjb548                                   0.01 SU      0.00 SU     
iib548                                 688.55 KSU     0.00 SU     
yxm548                                  75.72 SU    168.00 SU     
cnf599                                  12.47 KSU     0.00 SU     
glr548                                 184.69 KSU     0.00 SU     
hhz548                                  24.39 SU      0.00 SU     
chs548                                   1.06 SU      0.00 SU     
nwe548                                 118.84 SU      0.00 SU     
cit548                                   1.32 KSU     0.00 SU     
mrd599                                   0.21 SU      0.00 SU     
fs5892                                 157.12 SU      0.00 SU     
wml548                                  14.62 KSU     0.00 SU     
------------------------------------------------------------- 
    
