
Usage Report: Project=dp9 Period=2020.q2
=============================================================
    Grant:     6.00 MSU
     Used:     1.62 MSU
 Reserved:   853.47 SU 
    Avail:     4.38 MSU

Stakeholder                   Grant         Used        Avail
-------------------------------------------------------------
BoM                        6.00 MSU     1.62 MSU     4.38 MSU
------------------------------------------------------------- 

User                                        Used     Reserved
-------------------------------------------------------------    
gsd548                                  49.97 KSU     0.00 SU     
sjr548                                 745.40 KSU   510.47 SU     
ttl548                                  59.63 KSU    55.00 SU     
zxs548                                  96.92 KSU   288.00 SU     
mxk548                                 224.61 KSU     0.00 SU     
zhl548                                  10.95 KSU     0.00 SU     
vvk548                                   9.96 KSU     0.00 SU     
ixd548                                  16.19 SU      0.00 SU     
mjw548                                 292.01 SU      0.00 SU     
jtl548                                   2.64 KSU     0.00 SU     
as2291                                   1.44 KSU     0.00 SU     
cjb548                                   0.01 SU      0.00 SU     
iib548                                 287.27 KSU     0.00 SU     
yxm548                                  57.34 SU      0.00 SU     
cnf599                                  12.47 KSU     0.00 SU     
glr548                                 118.72 KSU     0.00 SU     
hhz548                                  24.37 SU      0.00 SU     
chs548                                   1.06 SU      0.00 SU     
nwe548                                 118.84 SU      0.00 SU     
cit548                                 892.39 SU      0.00 SU     
------------------------------------------------------------- 
    
