
Usage Report: Project=dp9 Period=2021.q3
=============================================================
    Grant:    16.00 MSU
     Used:     2.37 MSU
 Reserved:     5.49 KSU
    Avail:    13.63 MSU
    
Stakeholder                   Grant         Used        Avail
-------------------------------------------------------------    
BoM                       16.00 MSU     2.37 MSU    13.63 MSU    
------------------------------------------------------------- 
    
User                                        Used     Reserved
-------------------------------------------------------------        
iib548                                  10.07 KSU    49.00 SU         
as2291                                  36.07 KSU   204.37 SU         
zxs548                                   2.99 KSU     0.00 SU         
ttl548                                  16.95 KSU   270.93 SU         
jtl548                                 156.70 KSU     0.00 SU         
glr548                                  55.79 KSU     0.00 SU         
sjr548                                   1.01 MSU     4.92 KSU        
vvk548                                 611.52 KSU    42.00 SU         
dl9118                                 873.72 SU      0.00 SU         
mxk548                                 466.89 KSU     0.00 SU         
ycx548                                  65.54 SU      0.00 SU         
slc548                                  33.21 SU      0.00 SU         
ixd548                                  20.47 SU      0.00 SU         
hhz548                                 188.19 SU      0.00 SU         
jrf548                                  19.81 SU      0.00 SU         
rad548                                  24.17 SU      0.00 SU         
cnf599                                 288.72 SU      0.00 SU         
jxh903                                   0.02 SU      0.00 SU         
yxm548                                  56.83 SU      0.00 SU         
-------------------------------------------------------------        

Storage Usage Report: Project=dp9
=============================================================
Filesystem        Used     iUsed    Allocation    iAllocation    
gdata1a      110.00 TB   32.31 M     270.00 TB        45.00 M        

Stakeholder                         Allocation    iAllocation
-------------------------------------------------------------            
BoM                                  270.00 TB        45.00 M                
-------------------------------------------------------------
            
