
Usage Report: Project=dp9 Period=2021.q1
=============================================================
    Grant:    18.00 MSU
     Used:   166.71 KSU
 Reserved:    80.00 SU 
    Avail:    17.83 MSU

Stakeholder                   Grant         Used        Avail
-------------------------------------------------------------
BoM                       18.00 MSU   166.79 KSU    17.83 MSU
------------------------------------------------------------- 

User                                        Used     Reserved
-------------------------------------------------------------    
as2291                                 322.82 SU      0.00 SU     
ixd548                                   5.57 SU      0.00 SU     
ycx548                                   8.23 SU      0.00 SU     
ttl548                                   4.39 KSU    80.00 SU     
vvk548                                  67.64 KSU     0.00 SU     
dl9118                                   1.02 KSU     0.00 SU     
iib548                                   1.76 KSU     0.00 SU     
wml548                                  24.11 SU      0.00 SU     
mxk548                                  91.54 KSU     0.00 SU     
------------------------------------------------------------- 
    
