
Usage Report: Project=dp9 Period=2020.q2
=============================================================
    Grant:     6.00 MSU
     Used:   340.95 KSU
 Reserved:    55.00 SU 
    Avail:     5.66 MSU

Stakeholder                   Grant         Used        Avail
-------------------------------------------------------------
BoM                        6.00 MSU   341.00 KSU     5.66 MSU
------------------------------------------------------------- 

User                                        Used     Reserved
-------------------------------------------------------------    
gsd548                                  22.14 KSU     0.00 SU     
sjr548                                 129.98 KSU     0.00 SU     
ttl548                                  24.22 KSU    55.00 SU     
zxs548                                  34.50 KSU     0.00 SU     
mxk548                                 104.83 KSU     0.00 SU     
zhl548                                   3.98 KSU     0.00 SU     
vvk548                                   2.47 KSU     0.00 SU     
ixd548                                   9.66 SU      0.00 SU     
mjw548                                 122.51 SU      0.00 SU     
jtl548                                   1.19 KSU     0.00 SU     
as2291                                 769.56 SU      0.00 SU     
cjb548                                   0.01 SU      0.00 SU     
iib548                                   8.43 KSU     0.00 SU     
yxm548                                  25.80 SU      0.00 SU     
cnf599                                   8.10 KSU     0.00 SU     
glr548                                 180.34 SU      0.00 SU     
hhz548                                   0.22 SU      0.00 SU     
------------------------------------------------------------- 
    
