
Usage Report: Project=dp9 Period=2021.q1
=============================================================
    Grant:    18.00 MSU
     Used:   338.51 KSU
 Reserved:    11.53 KSU
    Avail:    17.65 MSU

Stakeholder                   Grant         Used        Avail
-------------------------------------------------------------
BoM                       18.00 MSU   350.04 KSU    17.65 MSU
------------------------------------------------------------- 

User                                        Used     Reserved
-------------------------------------------------------------    
as2291                                 322.82 SU      0.00 SU     
ixd548                                   6.38 SU      0.00 SU     
ycx548                                 586.98 SU      0.00 SU     
ttl548                                   5.52 KSU     8.75 SU     
vvk548                                 145.72 KSU     6.91 KSU    
dl9118                                   2.25 KSU     4.61 KSU    
iib548                                   1.76 KSU     0.00 SU     
wml548                                  24.11 SU      0.00 SU     
mxk548                                 182.33 KSU     0.00 SU     
------------------------------------------------------------- 
    
