
Usage Report: Project=dp9 Period=2020.q3
=============================================================
    Grant:     9.00 MSU
     Used:     4.33 MSU
 Reserved:   144.00 SU 
    Avail:     4.67 MSU

Stakeholder                   Grant         Used        Avail
-------------------------------------------------------------
BoM                        9.00 MSU     4.29 MSU     4.71 MSU
------------------------------------------------------------- 

User                                        Used     Reserved
-------------------------------------------------------------    
ttl548                                  88.09 KSU     0.00 SU     
hhz548                                 564.00 KSU     0.00 SU     
mxk548                                   1.46 MSU   144.00 SU     
iib548                                  38.11 KSU     0.00 SU     
vvk548                                 351.05 KSU     0.00 SU     
yxm548                                  48.98 SU      0.00 SU     
zxs548                                 102.52 KSU     0.00 SU     
as2291                                  14.77 KSU     0.00 SU     
gsd548                                 168.53 KSU     0.00 SU     
glr548                                 229.54 KSU     0.00 SU     
sjr548                                 391.94 KSU     0.00 SU     
wml548                                 732.12 KSU     0.00 SU     
jtl548                                 153.94 KSU     0.00 SU     
pjs548                                   2.29 KSU     0.00 SU     
mjw548                                  28.30 KSU     0.00 SU     
ixd548                                  28.56 SU      0.00 SU     
bxr548                                   0.93 SU      0.00 SU     
fs5892                                  62.73 SU      0.00 SU     
jrf548                                  96.25 SU      0.00 SU     
xds548                                  21.83 SU      0.00 SU     
dl9118                                   4.39 KSU     0.00 SU     
cnf599                                   2.88 KSU     0.00 SU     
------------------------------------------------------------- 
    
