
Usage Report: Project=dp9 Period=2021.q2
=============================================================
    Grant:    18.00 MSU
     Used:    12.76 MSU
 Reserved:     5.15 KSU
    Avail:     5.23 MSU
    
Stakeholder                   Grant         Used        Avail
-------------------------------------------------------------    
BoM                       18.00 MSU    12.77 MSU     5.23 MSU    
------------------------------------------------------------- 
    
User                                        Used     Reserved
-------------------------------------------------------------        
jtl548                                   2.26 MSU   349.00 SU         
dl9118                                 170.02 KSU     0.00 SU         
vvk548                                 587.36 KSU     1.73 KSU        
mxk548                                   5.79 MSU     0.00 SU         
glr548                                   1.06 MSU     2.40 KSU        
sjr548                                   1.69 MSU     0.00 SU         
ttl548                                  86.94 KSU   233.26 SU         
hhz548                                 271.30 KSU   304.00 SU         
as2291                                 101.46 KSU   133.00 SU         
iib548                                 338.97 KSU     0.00 SU         
ixd548                                  41.26 SU      0.00 SU         
cnf599                                 114.55 KSU     0.00 SU         
yxm548                                   1.02 KSU     0.00 SU         
wml548                                 264.77 KSU     0.00 SU         
pjs548                                 487.44 SU      0.00 SU         
nwe548                                  70.10 SU      0.00 SU         
ycx548                                   0.05 SU      0.00 SU         
zxs548                                   6.04 KSU     0.00 SU         
jrf548                                  80.20 SU      0.00 SU         
slc548                                   2.54 KSU     0.00 SU         
chs548                                 266.19 SU      0.00 SU         
cst565                                  25.18 KSU     0.00 SU         
-------------------------------------------------------------        

Storage Usage Report: Project=dp9
=============================================================
Filesystem        Used     iUsed    Allocation    iAllocation    
gdata1a      104.55 TB   30.95 M     270.00 TB        45.00 M        

Stakeholder                         Allocation    iAllocation
-------------------------------------------------------------            
BoM                                  270.00 TB        45.00 M                
-------------------------------------------------------------
            
