
Usage Report: Project=dp9 Period=2020.q3
=============================================================
    Grant:     9.00 MSU
     Used:   701.57 KSU
 Reserved:    81.00 SU 
    Avail:     8.30 MSU

Stakeholder                   Grant         Used        Avail
-------------------------------------------------------------
BoM                        9.00 MSU   659.63 KSU     8.34 MSU
------------------------------------------------------------- 

User                                        Used     Reserved
-------------------------------------------------------------    
ttl548                                  17.09 KSU    13.75 SU     
hhz548                                 309.42 KSU     0.00 SU     
mxk548                                  71.05 KSU     0.00 SU     
iib548                                   2.81 KSU     0.00 SU     
vvk548                                   1.93 KSU     0.00 SU     
yxm548                                  35.68 SU      0.00 SU     
zxs548                                  14.51 KSU    67.25 SU     
as2291                                 240.37 SU      0.00 SU     
gsd548                                  34.28 KSU     0.00 SU     
glr548                                  78.59 KSU     0.00 SU     
sjr548                                  11.22 KSU     0.00 SU     
wml548                                 158.77 KSU     0.00 SU     
jtl548                                   1.10 KSU     0.00 SU     
pjs548                                 518.66 SU      0.00 SU     
mjw548                                   9.18 SU      0.00 SU     
ixd548                                   6.64 SU      0.00 SU     
------------------------------------------------------------- 
    
