
Usage Report: Project=dp9 Period=2021.q3
=============================================================
    Grant:    16.00 MSU
     Used:     5.01 MSU
 Reserved:     2.95 KSU
    Avail:    10.99 MSU
    
Stakeholder                   Grant         Used        Avail
-------------------------------------------------------------    
BoM                       16.00 MSU     5.01 MSU    10.99 MSU    
------------------------------------------------------------- 
    
User                                        Used     Reserved
-------------------------------------------------------------        
iib548                                  30.94 KSU     0.00 SU         
as2291                                  72.19 KSU     0.00 SU         
zxs548                                   3.08 KSU     0.00 SU         
ttl548                                  32.13 KSU   217.93 SU         
jtl548                                 159.28 KSU     0.00 SU         
glr548                                  73.33 KSU     0.00 SU         
sjr548                                   2.67 MSU     0.00 SU         
vvk548                                 633.06 KSU     0.00 SU         
dl9118                                   2.73 KSU     1.20 KSU        
mxk548                                   1.29 MSU     1.54 KSU        
ycx548                                   7.50 KSU     0.00 SU         
slc548                                  33.21 SU      0.00 SU         
ixd548                                  25.98 SU      0.00 SU         
hhz548                                  35.78 KSU     0.00 SU         
jrf548                                  19.81 SU      0.00 SU         
rad548                                  24.17 SU      0.00 SU         
cnf599                                 288.72 SU      0.00 SU         
jxh903                                   0.02 SU      0.00 SU         
yxm548                                  56.83 SU      0.00 SU         
cst565                                 191.71 SU      0.00 SU         
pjs548                                 336.09 SU      0.00 SU         
crd548                                 110.57 SU      0.00 SU         
wml548                                  25.40 SU      0.00 SU         
-------------------------------------------------------------        

Storage Usage Report: Project=dp9
=============================================================
Filesystem        Used     iUsed    Allocation    iAllocation    
gdata1a      111.01 TB   32.92 M     270.00 TB        45.00 M        

Stakeholder                         Allocation    iAllocation
-------------------------------------------------------------            
BoM                                  270.00 TB        45.00 M                
-------------------------------------------------------------
            
