
Usage Report: Project=dp9 Period=2020.q2
=============================================================
    Grant:     6.00 MSU
     Used:     2.28 MSU
 Reserved:    55.00 SU 
    Avail:     3.72 MSU

Stakeholder                   Grant         Used        Avail
-------------------------------------------------------------
BoM                        6.00 MSU     2.28 MSU     3.72 MSU
------------------------------------------------------------- 

User                                        Used     Reserved
-------------------------------------------------------------    
gsd548                                  78.03 KSU     0.00 SU     
sjr548                                 850.70 KSU     0.00 SU     
ttl548                                  68.84 KSU    55.00 SU     
zxs548                                 158.47 KSU     0.00 SU     
mxk548                                 278.46 KSU     0.00 SU     
zhl548                                  10.95 KSU     0.00 SU     
vvk548                                  11.20 KSU     0.00 SU     
ixd548                                 257.39 SU      0.00 SU     
mjw548                                 523.12 SU      0.00 SU     
jtl548                                   3.84 KSU     0.00 SU     
as2291                                   6.37 KSU     0.00 SU     
cjb548                                   0.01 SU      0.00 SU     
iib548                                 631.40 KSU     0.00 SU     
yxm548                                  69.64 SU      0.00 SU     
cnf599                                  12.47 KSU     0.00 SU     
glr548                                 155.17 KSU     0.00 SU     
hhz548                                  24.39 SU      0.00 SU     
chs548                                   1.06 SU      0.00 SU     
nwe548                                 118.84 SU      0.00 SU     
cit548                                   1.32 KSU     0.00 SU     
mrd599                                   0.21 SU      0.00 SU     
fs5892                                 129.69 SU      0.00 SU     
wml548                                  14.62 KSU     0.00 SU     
------------------------------------------------------------- 
    
