
Usage Report: Project=dp9 Period=2021.q4
=============================================================
    Grant:    16.00 MSU
     Used:     1.22 MSU
 Reserved:     2.33 KSU
    Avail:    14.78 MSU
    
Stakeholder                   Grant         Used        Avail
-------------------------------------------------------------    
BoM                       16.00 MSU     1.22 MSU    14.78 MSU    
------------------------------------------------------------- 
    
User                                        Used     Reserved
-------------------------------------------------------------        
dl9118                                  19.18 KSU     0.00 SU         
vvk548                                 293.02 KSU     0.00 SU         
ttl548                                   9.11 KSU    87.83 SU         
as2291                                  67.27 KSU   164.00 SU         
mjz548                                 683.08 KSU     2.08 KSU        
iib548                                   1.58 KSU     0.00 SU         
glr548                                   9.85 KSU     0.00 SU         
slc548                                   1.37 KSU     0.00 SU         
pjs548                                   9.83 SU      0.00 SU         
pcl900                                 142.94 SU      0.00 SU         
sjr548                                  26.74 KSU     0.27 SU         
jtl548                                  29.22 KSU     0.00 SU         
zxs548                                 348.64 SU      0.00 SU         
cnf599                                  32.93 KSU     0.00 SU         
yxm548                                 186.24 SU      0.37 SU         
chs548                                   2.89 KSU     0.00 SU         
ycx548                                 244.65 SU      0.00 SU         
wml548                                  39.72 KSU     0.00 SU         
hhz548                                   0.07 SU      0.00 SU         
cst565                                   0.12 SU      0.00 SU         
-------------------------------------------------------------        

Storage Usage Report: Project=dp9
=============================================================
Filesystem        Used     iUsed    Allocation    iAllocation    
gdata1a      146.08 TB   34.50 M     270.00 TB        45.00 M        

Stakeholder                         Allocation    iAllocation
-------------------------------------------------------------            
BoM                                  270.00 TB        45.00 M                
-------------------------------------------------------------
            
