
Usage Report: Project=dp9 Period=2021.q4
=============================================================
    Grant:    16.00 MSU
     Used:     4.32 MSU
 Reserved:    19.74 KSU
    Avail:    11.66 MSU
    
Stakeholder                   Grant         Used        Avail
-------------------------------------------------------------    
BoM                       16.00 MSU     4.34 MSU    11.66 MSU    
------------------------------------------------------------- 
    
User                                        Used     Reserved
-------------------------------------------------------------        
dl9118                                  23.56 KSU    52.00 SU         
vvk548                                 456.41 KSU     0.00 SU         
ttl548                                  22.63 KSU    61.92 SU         
as2291                                  93.28 KSU    80.00 SU         
mjz548                                   2.37 MSU     1.62 KSU        
iib548                                  18.62 KSU     0.00 SU         
glr548                                  10.73 KSU     0.00 SU         
slc548                                 237.38 KSU    17.87 KSU        
pjs548                                 824.21 SU      0.00 SU         
pcl900                                   1.82 KSU     0.00 SU         
sjr548                                 544.94 KSU    59.38 SU         
jtl548                                 103.39 KSU     0.00 SU         
zxs548                                 447.46 SU      0.00 SU         
cnf599                                  37.40 KSU     0.00 SU         
yxm548                                   1.33 KSU     0.00 SU         
chs548                                   2.89 KSU     0.00 SU         
ycx548                                 244.65 SU      0.00 SU         
wml548                                 351.21 KSU     0.00 SU         
hhz548                                 276.14 SU      0.00 SU         
cst565                                   0.12 SU      0.00 SU         
mxk548                                  34.38 KSU     0.00 SU         
rad548                                  14.16 SU      0.00 SU         
ixd548                                   9.77 SU      0.00 SU         
-------------------------------------------------------------        

Storage Usage Report: Project=dp9
=============================================================
Filesystem        Used     iUsed    Allocation    iAllocation    
gdata1a      173.84 TB   34.68 M     270.00 TB        45.00 M        

Stakeholder                         Allocation    iAllocation
-------------------------------------------------------------            
BoM                                  270.00 TB        45.00 M                
-------------------------------------------------------------
            
