
Usage Report: Project=dp9 Period=2021.q4
=============================================================
    Grant:    16.00 MSU
     Used:   714.39 KSU
 Reserved:   864.32 SU 
    Avail:    15.28 MSU
    
Stakeholder                   Grant         Used        Avail
-------------------------------------------------------------    
BoM                       16.00 MSU   715.37 KSU    15.28 MSU    
------------------------------------------------------------- 
    
User                                        Used     Reserved
-------------------------------------------------------------        
dl9118                                  14.16 KSU     0.00 SU         
vvk548                                 228.70 KSU     0.00 SU         
ttl548                                   5.33 KSU     7.75 SU         
as2291                                  41.21 KSU   533.00 SU         
mjz548                                 337.46 KSU   320.50 SU         
iib548                                   1.58 KSU     2.40 SU         
glr548                                   9.73 KSU     0.00 SU         
slc548                                   1.37 KSU     0.00 SU         
pjs548                                   9.83 SU      0.00 SU         
pcl900                                  11.62 SU      0.00 SU         
sjr548                                  23.17 KSU     0.67 SU         
jtl548                                  18.51 KSU     0.00 SU         
zxs548                                 312.77 SU      0.00 SU         
cnf599                                  32.82 KSU     0.00 SU         
yxm548                                   2.47 SU      0.00 SU         
-------------------------------------------------------------        

Storage Usage Report: Project=dp9
=============================================================
Filesystem        Used     iUsed    Allocation    iAllocation    
gdata1a      140.86 TB   34.41 M     270.00 TB        45.00 M        

Stakeholder                         Allocation    iAllocation
-------------------------------------------------------------            
BoM                                  270.00 TB        45.00 M                
-------------------------------------------------------------
            
