
Usage Report: Project=dp9 Period=2021.q4
=============================================================
    Grant:    16.00 MSU
     Used:     2.21 MSU
 Reserved:    13.36 KSU
    Avail:    13.77 MSU
    
Stakeholder                   Grant         Used        Avail
-------------------------------------------------------------    
BoM                       16.00 MSU     2.23 MSU    13.77 MSU    
------------------------------------------------------------- 
    
User                                        Used     Reserved
-------------------------------------------------------------        
dl9118                                  20.52 KSU     0.00 SU         
vvk548                                 293.08 KSU     0.00 SU         
ttl548                                  13.99 KSU    45.08 SU         
as2291                                  78.79 KSU    58.00 SU         
mjz548                                   1.43 MSU     9.12 KSU        
iib548                                   9.70 KSU     0.00 SU         
glr548                                  10.72 KSU     0.00 SU         
slc548                                  20.00 KSU     0.00 SU         
pjs548                                 353.24 SU      0.00 SU         
pcl900                                 233.03 SU      0.00 SU         
sjr548                                 104.30 KSU     3.97 KSU        
jtl548                                  71.90 KSU   166.00 SU         
zxs548                                 348.64 SU      0.00 SU         
cnf599                                  32.97 KSU     0.00 SU         
yxm548                                 585.87 SU      0.00 SU         
chs548                                   2.89 KSU     0.00 SU         
ycx548                                 244.65 SU      0.00 SU         
wml548                                 127.67 KSU     0.00 SU         
hhz548                                  21.26 SU      0.00 SU         
cst565                                   0.12 SU      0.00 SU         
-------------------------------------------------------------        

Storage Usage Report: Project=dp9
=============================================================
Filesystem        Used     iUsed    Allocation    iAllocation    
gdata1a      159.45 TB   34.76 M     270.00 TB        45.00 M        

Stakeholder                         Allocation    iAllocation
-------------------------------------------------------------            
BoM                                  270.00 TB        45.00 M                
-------------------------------------------------------------
            
